Component: ARM Compiler 5.06 update 5 (build 528) Tool: armlink [4d35e2]

==============================================================================

Section Cross References

    main.o(i.main) refers to system_stm32f10x.o(i.SystemInit) for SystemInit
    main.o(i.main) refers to systick.o(i.SystickInit) for SystickInit
    main.o(i.main) refers to led.o(i.RGB_LedInit) for RGB_LedInit
    main.o(i.main) refers to usart2.o(i.Usart2Init) for Usart2Init
    main.o(i.main) refers to pwm.o(i.PwmInit) for PwmInit
    main.o(i.main) refers to systick.o(i.delay_ms) for delay_ms
    main.o(i.main) refers to iic.o(i.IIC_Init) for IIC_Init
    main.o(i.main) refers to led.o(i.RGB_LedBlink) for RGB_LedBlink
    main.o(i.main) refers to mpu6050.o(i.MPU6050_Init) for MPU6050_Init
    main.o(i.main) refers to inv_mpu.o(i.mpu_dmp_init) for mpu_dmp_init
    main.o(i.main) refers to spi.o(i.SpiInit) for SpiInit
    main.o(i.main) refers to nrf24l01.o(i.NRF24L01Init) for NRF24L01Init
    main.o(i.main) refers to nrf24l01.o(i.NRF24L01_Check) for NRF24L01_Check
    main.o(i.main) refers to nrf24l01.o(i.NRF24L01ReceiveMode) for NRF24L01ReceiveMode
    main.o(i.main) refers to adc.o(i.AdcInit) for AdcInit
    main.o(i.main) refers to pid.o(i.AllPidInit) for AllPidInit
    main.o(i.main) refers to timer.o(i.TimerInit) for TimerInit
    main.o(i.main) refers to nvic.o(i.NVIC_config) for NVIC_config
    main.o(i.main) refers to adc.o(i.VoltageDetect) for VoltageDetect
    system_stm32f10x.o(i.SetSysClock) refers to system_stm32f10x.o(i.SetSysClockTo72) for SetSysClockTo72
    system_stm32f10x.o(i.SystemCoreClockUpdate) refers to system_stm32f10x.o(.data) for SystemCoreClock
    system_stm32f10x.o(i.SystemInit) refers to system_stm32f10x.o(i.SetSysClock) for SetSysClock
    startup_stm32f10x_md.o(STACK) refers (Special) to heapauxi.o(.text) for __use_two_region_memory
    startup_stm32f10x_md.o(HEAP) refers (Special) to heapauxi.o(.text) for __use_two_region_memory
    startup_stm32f10x_md.o(RESET) refers (Special) to heapauxi.o(.text) for __use_two_region_memory
    startup_stm32f10x_md.o(RESET) refers to startup_stm32f10x_md.o(STACK) for __initial_sp
    startup_stm32f10x_md.o(RESET) refers to startup_stm32f10x_md.o(.text) for Reset_Handler
    startup_stm32f10x_md.o(RESET) refers to stm32f10x_it.o(i.NMI_Handler) for NMI_Handler
    startup_stm32f10x_md.o(RESET) refers to stm32f10x_it.o(i.HardFault_Handler) for HardFault_Handler
    startup_stm32f10x_md.o(RESET) refers to stm32f10x_it.o(i.MemManage_Handler) for MemManage_Handler
    startup_stm32f10x_md.o(RESET) refers to stm32f10x_it.o(i.BusFault_Handler) for BusFault_Handler
    startup_stm32f10x_md.o(RESET) refers to stm32f10x_it.o(i.UsageFault_Handler) for UsageFault_Handler
    startup_stm32f10x_md.o(RESET) refers to stm32f10x_it.o(i.SVC_Handler) for SVC_Handler
    startup_stm32f10x_md.o(RESET) refers to stm32f10x_it.o(i.DebugMon_Handler) for DebugMon_Handler
    startup_stm32f10x_md.o(RESET) refers to stm32f10x_it.o(i.PendSV_Handler) for PendSV_Handler
    startup_stm32f10x_md.o(RESET) refers to systick.o(i.SysTick_Handler) for SysTick_Handler
    startup_stm32f10x_md.o(RESET) refers to timer.o(i.TIM3_IRQHandler) for TIM3_IRQHandler
    startup_stm32f10x_md.o(RESET) refers to usart2.o(i.USART2_IRQHandler) for USART2_IRQHandler
    startup_stm32f10x_md.o(.text) refers (Special) to heapauxi.o(.text) for __use_two_region_memory
    startup_stm32f10x_md.o(.text) refers to system_stm32f10x.o(i.SystemInit) for SystemInit
    startup_stm32f10x_md.o(.text) refers to __main.o(!!!main) for __main
    startup_stm32f10x_md.o(.text) refers to startup_stm32f10x_md.o(HEAP) for Heap_Mem
    startup_stm32f10x_md.o(.text) refers to startup_stm32f10x_md.o(STACK) for Stack_Mem
    systick.o(i.SysTick_Handler) refers to systick.o(.data) for tickCount
    systick.o(i.SystickInit) refers to system_stm32f10x.o(.data) for SystemCoreClock
    systick.o(i.delay_ms) refers to systick.o(.data) for tickCount
    systick.o(i.delay_us) refers to systick.o(.data) for tickCount
    led.o(i.RGB_LED_Blue) refers to led.o(i.RGB_LED_Write_24Bits) for RGB_LED_Write_24Bits
    led.o(i.RGB_LED_Green) refers to led.o(i.RGB_LED_Write_24Bits) for RGB_LED_Write_24Bits
    led.o(i.RGB_LED_Red) refers to led.o(i.RGB_LED_Write_24Bits) for RGB_LED_Write_24Bits
    led.o(i.RGB_LED_Reset) refers to systick.o(i.delay_us) for delay_us
    led.o(i.RGB_LED_Write_24Bits) refers to led.o(i.RGB_LED_Write_Byte) for RGB_LED_Write_Byte
    led.o(i.RGB_LED_Write_Byte) refers to led.o(i.RGB_LED_Write1) for RGB_LED_Write1
    led.o(i.RGB_LED_Write_Byte) refers to led.o(i.RGB_LED_Write0) for RGB_LED_Write0
    led.o(i.RGB_LedBlink) refers to led.o(i.TopLedColorSet) for TopLedColorSet
    led.o(i.RGB_LedBlink) refers to led.o(i.RGB_LED_Write_24Bits) for RGB_LED_Write_24Bits
    led.o(i.RGB_LedBlink) refers to led.o(.data) for blinkSpeedCount
[...]
    _signal_finish                            - Undefined Weak Reference
    _signal_init                              - Undefined Weak Reference
    __Vectors_Size                           0x000000ec   Number         0  startup_stm32f10x_md.o ABSOLUTE
    __Vectors                                0x08000000   Data           4  startup_stm32f10x_md.o(RESET)
    __Vectors_End                            0x080000ec   Data           0  startup_stm32f10x_md.o(RESET)
    __main                                   0x080000ed   Thumb Code     8  __main.o(!!!main)
    __scatterload                            0x080000f5   Thumb Code     0  __scatter.o(!!!scatter)
    __scatterload_rt2                        0x080000f5   Thumb Code    44  __scatter.o(!!!scatter)
    __scatterload_rt2_thumb_only             0x080000f5   Thumb Code     0  __scatter.o(!!!scatter)
    __scatterload_null                       0x08000103   Thumb Code     0  __scatter.o(!!!scatter)
    __scatterload_copy                       0x08000129   Thumb Code    26  __scatter_copy.o(!!handler_copy)
    __scatterload_zeroinit                   0x08000145   Thumb Code    28  __scatter_zi.o(!!handler_zi)
    __rt_lib_init                            0x08000161   Thumb Code     0  libinit.o(.ARM.Collect$$libinit$$00000000)
    __rt_lib_init_alloca_1                   0x08000163   Thumb Code     0  libinit2.o(.ARM.Collect$$libinit$$0000002E)
    __rt_lib_init_argv_1                     0x08000163   Thumb Code     0  libinit2.o(.ARM.Collect$$libinit$$0000002C)
    __rt_lib_init_atexit_1                   0x08000163   Thumb Code     0  libinit2.o(.ARM.Collect$$libinit$$0000001B)
    __rt_lib_init_clock_1                    0x08000163   Thumb Code     0  libinit2.o(.ARM.Collect$$libinit$$00000021)
    __rt_lib_init_cpp_1                      0x08000163   Thumb Code     0  libinit2.o(.ARM.Collect$$libinit$$00000032)
    __rt_lib_init_exceptions_1               0x08000163   Thumb Code     0  libinit2.o(.ARM.Collect$$libinit$$00000030)
    __rt_lib_init_fp_1                       0x08000163   Thumb Code     0  libinit2.o(.ARM.Collect$$libinit$$00000002)
    __rt_lib_init_fp_trap_1                  0x08000163   Thumb Code     0  libinit2.o(.ARM.Collect$$libinit$$0000001F)
    __rt_lib_init_getenv_1                   0x08000163   Thumb Code     0  libinit2.o(.ARM.Collect$$libinit$$00000023)
    __rt_lib_init_heap_1                     0x08000163   Thumb Code     0  libinit2.o(.ARM.Collect$$libinit$$0000000A)
    __rt_lib_init_lc_collate_1               0x08000163   Thumb Code     0  libinit2.o(.ARM.Collect$$libinit$$00000011)
    __rt_lib_init_lc_ctype_1                 0x08000163   Thumb Code     0  libinit2.o(.ARM.Collect$$libinit$$00000013)
    __rt_lib_init_lc_monetary_1              0x08000163   Thumb Code     0  libinit2.o(.ARM.Collect$$libinit$$00000015)
    __rt_lib_init_lc_numeric_1               0x08000163   Thumb Code     0  libinit2.o(.ARM.Collect$$libinit$$00000017)
    __rt_lib_init_lc_time_1                  0x08000163   Thumb Code     0  libinit2.o(.ARM.Collect$$libinit$$00000019)
    __rt_lib_init_preinit_1                  0x08000163   Thumb Code     0  libinit2.o(.ARM.Collect$$libinit$$00000004)
    __rt_lib_init_rand_1                     0x08000163   Thumb Code     0  libinit2.o(.ARM.Collect$$libinit$$0000000E)
    __rt_lib_init_return                     0x08000163   Thumb Code     0  libinit2.o(.ARM.Collect$$libinit$$00000033)
    __rt_lib_init_signal_1                   0x08000163   Thumb Code     0  libinit2.o(.ARM.Collect$$libinit$$0000001D)
    __rt_lib_init_stdio_1                    0x08000163   Thumb Code     0  libinit2.o(.ARM.Collect$$libinit$$00000025)
    __rt_lib_init_user_alloc_1               0x08000163   Thumb Code     0  libinit2.o(.ARM.Collect$$libinit$$0000000C)
    __rt_lib_shutdown                        0x08000165   Thumb Code     0  libshutdown.o(.ARM.Collect$$libshutdown$$00000000)
    __rt_lib_shutdown_cpp_1                  0x08000167   Thumb Code     0  libshutdown2.o(.ARM.Collect$$libshutdown$$00000002)
    __rt_lib_shutdown_fp_trap_1              0x08000167   Thumb Code     0  libshutdown2.o(.ARM.Collect$$libshutdown$$00000007)
    __rt_lib_shutdown_heap_1                 0x08000167   Thumb Code     0  libshutdown2.o(.ARM.Collect$$libshutdown$$0000000F)
    __rt_lib_shutdown_return                 0x08000167   Thumb Code     0  libshutdown2.o(.ARM.Collect$$libshutdown$$00000010)
    __rt_lib_shutdown_signal_1               0x08000167   Thumb Code     0  libshutdown2.o(.ARM.Collect$$libshutdown$$0000000A)
    __rt_lib_shutdown_stdio_1                0x08000167   Thumb Code     0  libshutdown2.o(.ARM.Collect$$libshutdown$$00000004)
    __rt_lib_shutdown_user_alloc_1           0x08000167   Thumb Code     0  libshutdown2.o(.ARM.Collect$$libshutdown$$0000000C)
    __rt_entry                               0x08000169   Thumb Code     0  __rtentry.o(.ARM.Collect$$rtentry$$00000000)
    __rt_entry_presh_1                       0x08000169   Thumb Code     0  __rtentry2.o(.ARM.Collect$$rtentry$$00000002)
    __rt_entry_sh                            0x08000169   Thumb Code     0  __rtentry4.o(.ARM.Collect$$rtentry$$00000004)
    __rt_entry_li                            0x0800016f   Thumb Code     0  __rtentry2.o(.ARM.Collect$$rtentry$$0000000A)
    __rt_entry_postsh_1                      0x0800016f   Thumb Code     0  __rtentry2.o(.ARM.Collect$$rtentry$$00000009)
    __rt_entry_main                          0x08000173   Thumb Code     0  __rtentry2.o(.ARM.Collect$$rtentry$$0000000D)
    __rt_entry_postli_1                      0x08000173   Thumb Code     0  __rtentry2.o(.ARM.Collect$$rtentry$$0000000C)
    __rt_exit                                0x0800017b   Thumb Code     0  rtexit.o(.ARM.Collect$$rtexit$$00000000)
    __rt_exit_ls                             0x0800017d   Thumb Code     0  rtexit2.o(.ARM.Collect$$rtexit$$00000003)
    __rt_exit_prels_1                        0x0800017d   Thumb Code     0  rtexit2.o(.ARM.Collect$$rtexit$$00000002)
    __rt_exit_exit                           0x08000181   Thumb Code     0  rtexit2.o(.ARM.Collect$$rtexit$$00000004)
    Reset_Handler                            0x08000189   Thumb Code     8  startup_stm32f10x_md.o(.text)
    ADC1_2_IRQHandler                        0x080001a3   Thumb Code     0  startup_stm32f10x_md.o(.text)
    CAN1_RX1_IRQHandler                      0x080001a3   Thumb Code     0  startup_stm32f10x_md.o(.text)
    CAN1_SCE_IRQHandler                      0x080001a3   Thumb Code     0  startup_stm32f10x_md.o(.text)
    DMA1_Channel1_IRQHandler                 0x080001a3   Thumb Code     0  startup_stm32f10x_md.o(.text)
    DMA1_Channel2_IRQHandler                 0x080001a3   Thumb Code     0  startup_stm32f10x_md.o(.text)
    DMA1_Channel3_IRQHandler                 0x080001a3   Thumb Code     0  startup_stm32f10x_md.o(.text)
    DMA1_Channel4_IRQHandler                 0x080001a3   Thumb Code     0  startup_stm32f10x_md.o(.text)
    DMA1_Channel5_IRQHandler                 0x080001a3   Thumb Code     0  startup_stm32f10x_md.o(.text)
    DMA1_Channel6_IRQHandler                 0x080001a3   Thumb Code     0  startup_stm32f10x_md.o(.text)
    DMA1_Channel7_IRQHandler                 0x080001a3   Thumb Code     0  startup_stm32f10x_md.o(.text)
    EXTI0_IRQHandler                         0x080001a3   Thumb Code     0  startup_stm32f10x_md.o(.text)
    EXTI15_10_IRQHandler                     0x080001a3   Thumb Code     0  startup_stm32f10x_md.o(.text)
    EXTI1_IRQHandler                         0x080001a3   Thumb Code     0  startup_stm32f10x_md.o(.text)
    EXTI2_IRQHandler                         0x080001a3   Thumb Code     0  startup_stm32f10x_md.o(.text)
    EXTI3_IRQHandler                         0x080001a3   Thumb Code     0  startup_stm32f10x_md.o(.text)
    EXTI4_IRQHandler                         0x080001a3   Thumb Code     0  startup_stm32f10x_md.o(.text)
    EXTI9_5_IRQHandler                       0x080001a3   Thumb Code     0  startup_stm32f10x_md.o(.text)
    FLASH_IRQHandler                         0x080001a3   Thumb Code     0  startup_stm32f10x_md.o(.text)
    I2C1_ER_IRQHandler                       0x080001a3   Thumb Code     0  startup_stm32f10x_md.o(.text)
    I2C1_EV_IRQHandler                       0x080001a3   Thumb Code     0  startup_stm32f10x_md.o(.text)
    I2C2_ER_IRQHandler                       0x080001a3   Thumb Code     0  startup_stm32f10x_md.o(.text)
    I2C2_EV_IRQHandler                       0x080001a3   Thumb Code     0  startup_stm32f10x_md.o(.text)
    PVD_IRQHandler                           0x080001a3   Thumb Code     0  startup_stm32f10x_md.o(.text)
    RCC_IRQHandler                           0x080001a3   Thumb Code     0  startup_stm32f10x_md.o(.text)
    RTCAlarm_IRQHandler                      0x080001a3   Thumb Code     0  startup_stm32f10x_md.o(.text)
    RTC_IRQHandler                           0x080001a3   Thumb Code     0  startup_stm32f10x_md.o(.text)
    SPI1_IRQHandler                          0x080001a3   Thumb Code     0  startup_stm32f10x_md.o(.text)
    SPI2_IRQHandler                          0x080001a3   Thumb Code     0  startup_stm32f10x_md.o(.text)
    TAMPER_IRQHandler                        0x080001a3   Thumb Code     0  startup_stm32f10x_md.o(.text)
    TIM1_BRK_IRQHandler                      0x080001a3   Thumb Code     0  startup_stm32f10x_md.o(.text)
    TIM1_CC_IRQHandler                       0x080001a3   Thumb Code     0  startup_stm32f10x_md.o(.text)
    TIM1_TRG_COM_IRQHandler                  0x080001a3   Thumb Code     0  startup_stm32f10x_md.o(.text)
    TIM1_UP_IRQHandler                       0x080001a3   Thumb Code     0  startup_stm32f10x_md.o(.text)
    TIM2_IRQHandler                          0x080001a3   Thumb Code     0  startup_stm32f10x_md.o(.text)
    TIM4_IRQHandler                          0x080001a3   Thumb Code     0  startup_stm32f10x_md.o(.text)
    USART1_IRQHandler                        0x080001a3   Thumb Code     0  startup_stm32f10x_md.o(.text)
    USART3_IRQHandler                        0x080001a3   Thumb Code     0  startup_stm32f10x_md.o(.text)
    USBWakeUp_IRQHandler                     0x080001a3   Thumb Code     0  startup_stm32f10x_md.o(.text)
    USB_HP_CAN1_TX_IRQHandler                0x080001a3   Thumb Code     0  startup_stm32f10x_md.o(.text)
    USB_LP_CAN1_RX0_IRQHandler               0x080001a3   Thumb Code     0  startup_stm32f10x_md.o(.text)
    WWDG_IRQHandler                          0x080001a3   Thumb Code     0  startup_stm32f10x_md.o(.text)
    __user_initial_stackheap                 0x080001a5   Thumb Code     0  startup_stm32f10x_md.o(.text)
    __aeabi_ldivmod                          0x080001c9   Thumb Code     0  llsdiv.o(.text)
    _ll_sdiv                                 0x080001c9   Thumb Code    72  llsdiv.o(.text)
    memcmp                                   0x08000211   Thumb Code    88  memcmp.o(.text)
    __aeabi_memcpy4                          0x08000269   Thumb Code     0  rt_memcpy_w.o(.text)
    __aeabi_memcpy8                          0x08000269   Thumb Code     0  rt_memcpy_w.o(.text)
    __rt_memcpy_w                            0x08000269   Thumb Code   100  rt_memcpy_w.o(.text)
    _memcpy_lastbytes_aligned                0x080002b1   Thumb Code     0  rt_memcpy_w.o(.text)
    __aeabi_memset                           0x080002cd   Thumb Code    16  aeabi_memset.o(.text)
    __aeabi_memclr4                          0x080002dd   Thumb Code     0  rt_memclr_w.o(.text)
    __aeabi_memclr8                          0x080002dd   Thumb Code     0  rt_memclr_w.o(.text)
    __rt_memclr_w                            0x080002dd   Thumb Code    78  rt_memclr_w.o(.text)
    _memset_w                                0x080002e1   Thumb Code     0  rt_memclr_w.o(.text)
    __use_two_region_memory                  0x0800032b   Thumb Code     2  heapauxi.o(.text)
    __rt_heap_escrow                         0x0800032d   Thumb Code     2  heapauxi.o(.text)
    __rt_heap_expand                         0x0800032f   Thumb Code     2  heapauxi.o(.text)
    __aeabi_uldivmod                         0x08000331   Thumb Code     0  lludivv7m.o(.text)
    _ll_udiv                                 0x08000331   Thumb Code   238  lludivv7m.o(.text)
    __read_errno                             0x0800041f   Thumb Code    10  _rserrno.o(.text)
    __set_errno                              0x08000429   Thumb Code    12  _rserrno.o(.text)
    __aeabi_memclr                           0x08000435   Thumb Code     0  rt_memclr.o(.text)
    __rt_memclr                              0x08000435   Thumb Code    68  rt_memclr.o(.text)
    _memset                                  0x08000439   Thumb Code     0  rt_memclr.o(.text)
    __aeabi_errno_addr                       0x08000479   Thumb Code     8  rt_errno_addr_intlibspace.o(.text)
    __errno$intlibspace                      0x08000479   Thumb Code     0  rt_errno_addr_intlibspace.o(.text)
    __rt_errno_addr$intlibspace              0x08000479   Thumb Code     0  rt_errno_addr_intlibspace.o(.text)
    __user_libspace                          0x08000481   Thumb Code     8  libspace.o(.text)
    __user_perproc_libspace                  0x08000481   Thumb Code     0  libspace.o(.text)
    __user_perthread_libspace                0x08000481   Thumb Code     0  libspace.o(.text)
    __user_setup_stackheap                   0x08000489   Thumb Code    74  sys_stackheap_outer.o(.text)
    exit                                     0x080004d3   Thumb Code    18  exit.o(.text)
    __I$use$semihosting                      0x080004e5   Thumb Code     0  use_no_semi.o(.text)
    __use_no_semihosting_swi                 0x080004e5   Thumb Code     2  use_no_semi.o(.text)
    __semihosting_library_function           0x080004e7   Thumb Code     0  indicate_semi.o(.text)
    _sys_exit                                0x080004e9   Thumb Code     8  sys_exit.o(.text)
    ADC_Cmd                                  0x080004f5   Thumb Code    22  stm32f10x_adc.o(i.ADC_Cmd)
    ADC_DMACmd                               0x0800050b   Thumb Code    22  stm32f10x_adc.o(i.ADC_DMACmd)
    ADC_GetCalibrationStatus                 0x08000521   Thumb Code    20  stm32f10x_adc.o(i.ADC_GetCalibrationStatus)
    ADC_Init                                 0x08000535   Thumb Code    70  stm32f10x_adc.o(i.ADC_Init)
    ADC_RegularChannelConfig                 0x08000585   Thumb Code   184  stm32f10x_adc.o(i.ADC_RegularChannelConfig)
    ADC_ResetCalibration                     0x0800063d   Thumb Code    10  stm32f10x_adc.o(i.ADC_ResetCalibration)
    ADC_SoftwareStartConvCmd                 0x08000647   Thumb Code    22  stm32f10x_adc.o(i.ADC_SoftwareStartConvCmd)
    ADC_StartCalibration                     0x0800065d   Thumb Code    10  stm32f10x_adc.o(i.ADC_StartCalibration)
    ANOSendStatus                            0x08000ae5   Thumb Code   322  usart2.o(i.ANOSendStatus)
    AdcInit                                  0x08000c7d   Thumb Code    20  adc.o(i.AdcInit)
    AllPidInit                               0x08000c95   Thumb Code   180  pid.o(i.AllPidInit)
    AngleController                          0x08000d5d   Thumb Code   132  controller.o(i.AngleController)
    BusFault_Handler                         0x08000df5   Thumb Code     4  stm32f10x_it.o(i.BusFault_Handler)
    ClearIntegral                            0x08000df9   Thumb Code     6  pid.o(i.ClearIntegral)
    ControModel                              0x08000e01   Thumb Code    40  controller.o(i.ControModel)
    ControllerOutput                         0x08000e39   Thumb Code   438  controller.o(i.ControllerOutput)
    DMA_Cmd                                  0x0800100d   Thumb Code    24  stm32f10x_dma.o(i.DMA_Cmd)
    DMA_DeInit                               0x08001025   Thumb Code   324  stm32f10x_dma.o(i.DMA_DeInit)
    DMA_Init                                 0x08001171   Thumb Code    60  stm32f10x_dma.o(i.DMA_Init)
    DMA_SetCurrDataCounter                   0x080011ad   Thumb Code     4  stm32f10x_dma.o(i.DMA_SetCurrDataCounter)
    DebugMon_Handler                         0x080013dd   Thumb Code     2  stm32f10x_it.o(i.DebugMon_Handler)
    DmaConfig                                0x080013e1   Thumb Code    78  adc.o(i.DmaConfig)
    FLASH_ClearFlag                          0x08001439   Thumb Code     6  stm32f10x_flash.o(i.FLASH_ClearFlag)
    FLASH_ErasePage                          0x08001445   Thumb Code    72  stm32f10x_flash.o(i.FLASH_ErasePage)
    FLASH_GetBank1Status                     0x08001491   Thumb Code    48  stm32f10x_flash.o(i.FLASH_GetBank1Status)
    FLASH_LockBank1                          0x080014c5   Thumb Code    14  stm32f10x_flash.o(i.FLASH_LockBank1)
    FLASH_ProgramWord                        0x080014d9   Thumb Code   102  stm32f10x_flash.o(i.FLASH_ProgramWord)
    FLASH_UnlockBank1                        0x08001545   Thumb Code    12  stm32f10x_flash.o(i.FLASH_UnlockBank1)
    FLASH_WaitForLastOperation               0x0800155d   Thumb Code    38  stm32f10x_flash.o(i.FLASH_WaitForLastOperation)
    GPIO_Init                                0x08001583   Thumb Code   278  stm32f10x_gpio.o(i.GPIO_Init)
    GPIO_ResetBits                           0x08001699   Thumb Code     4  stm32f10x_gpio.o(i.GPIO_ResetBits)
    GPIO_SetBits                             0x0800169d   Thumb Code     4  stm32f10x_gpio.o(i.GPIO_SetBits)
    GyroController                           0x080016a1   Thumb Code    68  controller.o(i.GyroController)
    GyroDataTransformDeg                     0x080016ed   Thumb Code    74  imu.o(i.GyroDataTransformDeg)
    HardFault_Handler                        0x0800173d   Thumb Code     4  stm32f10x_it.o(i.HardFault_Handler)
    IIC_Ack                                  0x08001741   Thumb Code    44  iic.o(i.IIC_Ack)
    IIC_Init                                 0x08001775   Thumb Code    64  iic.o(i.IIC_Init)
    IIC_NAck                                 0x080017c1   Thumb Code    44  iic.o(i.IIC_NAck)
    IIC_Read_Byte                            0x080017f5   Thumb Code    76  iic.o(i.IIC_Read_Byte)
    IIC_Send_Byte                            0x08001849   Thumb Code    84  iic.o(i.IIC_Send_Byte)
    IIC_Start                                0x080018a5   Thumb Code    42  iic.o(i.IIC_Start)
    IIC_Stop                                 0x080018d9   Thumb Code    42  iic.o(i.IIC_Stop)
    IIC_Wait_Ack                             0x0800190d   Thumb Code    68  iic.o(i.IIC_Wait_Ack)
    IMU                                      0x0800195d   Thumb Code    26  imu.o(i.IMU)
    MPU6050_Get_Gyroscope                    0x0800197d   Thumb Code    80  mpu6050.o(i.MPU6050_Get_Gyroscope)
    MPU6050_Init                             0x080019cd   Thumb Code   118  mpu6050.o(i.MPU6050_Init)
    MPU6050_Read_Byte                        0x08001a43   Thumb Code    58  mpu6050.o(i.MPU6050_Read_Byte)
    MPU6050_Read_Len                         0x08001a7d   Thumb Code   116  mpu6050.o(i.MPU6050_Read_Len)
    MPU6050_Set_Accel_Fsr                    0x08001af1   Thumb Code    16  mpu6050.o(i.MPU6050_Set_Accel_Fsr)
    MPU6050_Set_Gyro_Fsr                     0x08001b01   Thumb Code    16  mpu6050.o(i.MPU6050_Set_Gyro_Fsr)
    MPU6050_Set_LPF                          0x08001b11   Thumb Code    58  mpu6050.o(i.MPU6050_Set_LPF)
    MPU6050_Set_Rate                         0x08001b4b   Thumb Code    58  mpu6050.o(i.MPU6050_Set_Rate)
    MPU6050_Write_Byte                       0x08001b85   Thumb Code    68  mpu6050.o(i.MPU6050_Write_Byte)
    MPU6050_Write_Len                        0x08001bc9   Thumb Code    96  mpu6050.o(i.MPU6050_Write_Len)
    MemManage_Handler                        0x08001c29   Thumb Code     4  stm32f10x_it.o(i.MemManage_Handler)
    NMI_Handler                              0x08001c2d   Thumb Code     2  stm32f10x_it.o(i.NMI_Handler)
    NRF24L01Init                             0x08001c31   Thumb Code    80  nrf24l01.o(i.NRF24L01Init)
    NRF24L01ReceiveMode                      0x08001c89   Thumb Code   104  nrf24l01.o(i.NRF24L01ReceiveMode)
    NRF24L01_Check                           0x08001cf9   Thumb Code    66  nrf24l01.o(i.NRF24L01_Check)
    NRF24L01_RxPacket                        0x08001d45   Thumb Code    52  nrf24l01.o(i.NRF24L01_RxPacket)
    NVIC_Init                                0x08001d79   Thumb Code   100  misc.o(i.NVIC_Init)
    NVIC_PriorityGroupConfig                 0x08001de9   Thumb Code    10  misc.o(i.NVIC_PriorityGroupConfig)
    NVIC_config                              0x08001dfd   Thumb Code    68  nvic.o(i.NVIC_config)
    NrfACKPacket                             0x08001e41   Thumb Code    72  parse_packet.o(i.NrfACKPacket)
    PendSV_Handler                           0x08001e95   Thumb Code     2  stm32f10x_it.o(i.PendSV_Handler)
    PidController                            0x08001e97   Thumb Code   164  pid.o(i.PidController)
    PidDataReadFromFlash                     0x08001f3b   Thumb Code   256  flash.o(i.PidDataReadFromFlash)
    PidDataWriteToFlash                      0x080020d5   Thumb Code   342  flash.o(i.PidDataWriteToFlash)
    PidInit                                  0x08002231   Thumb Code    62  pid.o(i.PidInit)
    PlaneLockStatus                          0x08002275   Thumb Code   210  fc_status.o(i.PlaneLockStatus)
    PwmInit                                  0x08002355   Thumb Code   204  pwm.o(i.PwmInit)
    PwmOut                                   0x08002435   Thumb Code    86  pwm.o(i.PwmOut)
    RCC_ADCCLKConfig                         0x08002491   Thumb Code    18  stm32f10x_rcc.o(i.RCC_ADCCLKConfig)
    RCC_AHBPeriphClockCmd                    0x080024a9   Thumb Code    26  stm32f10x_rcc.o(i.RCC_AHBPeriphClockCmd)
    RCC_APB1PeriphClockCmd                   0x080024c9   Thumb Code    26  stm32f10x_rcc.o(i.RCC_APB1PeriphClockCmd)
    RCC_APB2PeriphClockCmd                   0x080024e9   Thumb Code    26  stm32f10x_rcc.o(i.RCC_APB2PeriphClockCmd)
    RCC_GetClocksFreq                        0x08002509   Thumb Code   192  stm32f10x_rcc.o(i.RCC_GetClocksFreq)
    RGB_LED_Blue                             0x080025dd   Thumb Code    26  led.o(i.RGB_LED_Blue)
    RGB_LED_Green                            0x080025f7   Thumb Code    26  led.o(i.RGB_LED_Green)
    RGB_LED_Red                              0x08002611   Thumb Code    26  led.o(i.RGB_LED_Red)
    RGB_LED_Reset                            0x0800262d   Thumb Code    18  led.o(i.RGB_LED_Reset)
    RGB_LED_Write0                           0x08002645   Thumb Code   176  led.o(i.RGB_LED_Write0)
    RGB_LED_Write1                           0x080026f9   Thumb Code   168  led.o(i.RGB_LED_Write1)
    RGB_LED_Write_24Bits                     0x080027a5   Thumb Code    28  led.o(i.RGB_LED_Write_24Bits)
    RGB_LED_Write_Byte                       0x080027c1   Thumb Code    38  led.o(i.RGB_LED_Write_Byte)
    RGB_LedBlink                             0x080027e9   Thumb Code    96  led.o(i.RGB_LedBlink)
    RGB_LedInit                              0x08002851   Thumb Code    54  led.o(i.RGB_LedInit)
    RGB_LedStatus                            0x0800288d   Thumb Code    92  led.o(i.RGB_LedStatus)
    SDA_IN                                   0x080028f1   Thumb Code    24  iic.o(i.SDA_IN)
    SDA_OUT                                  0x0800290d   Thumb Code    30  iic.o(i.SDA_OUT)
    SPI_Cmd                                  0x08002931   Thumb Code    24  stm32f10x_spi.o(i.SPI_Cmd)
    SPI_I2S_GetFlagStatus                    0x08002949   Thumb Code    18  stm32f10x_spi.o(i.SPI_I2S_GetFlagStatus)
    SPI_I2S_ReceiveData                      0x0800295b   Thumb Code     6  stm32f10x_spi.o(i.SPI_I2S_ReceiveData)
    SPI_I2S_SendData                         0x08002961   Thumb Code     4  stm32f10x_spi.o(i.SPI_I2S_SendData)
    SPI_Init                                 0x08002965   Thumb Code    60  stm32f10x_spi.o(i.SPI_Init)
    SPI_Read_Buf                             0x080029a1   Thumb Code    60  nrf24l01.o(i.SPI_Read_Buf)
    SPI_Read_Reg                             0x080029e1   Thumb Code    38  nrf24l01.o(i.SPI_Read_Reg)
    SPI_Write_Buf                            0x08002a0d   Thumb Code    60  nrf24l01.o(i.SPI_Write_Buf)
    SPI_Write_Reg                            0x08002a4d   Thumb Code    40  nrf24l01.o(i.SPI_Write_Reg)
    STM32_FLASH_Read                         0x08002a79   Thumb Code    26  flash.o(i.STM32_FLASH_Read)
    SVC_Handler                              0x08002a93   Thumb Code     2  stm32f10x_it.o(i.SVC_Handler)
    SpiInit                                  0x08002b7d   Thumb Code   156  spi.o(i.SpiInit)
    Spi_RW_Byte                              0x08002c25   Thumb Code    50  spi.o(i.Spi_RW_Byte)
    SysTick_Handler                          0x08002c5d   Thumb Code    18  systick.o(i.SysTick_Handler)
    SystemInit                               0x08002c75   Thumb Code    78  system_stm32f10x.o(i.SystemInit)
    SystickInit                              0x08002cd5   Thumb Code    38  systick.o(i.SystickInit)
    TIM3_IRQHandler                          0x08002d05   Thumb Code   128  timer.o(i.TIM3_IRQHandler)
    TIM_ARRPreloadConfig                     0x08002da1   Thumb Code    24  stm32f10x_tim.o(i.TIM_ARRPreloadConfig)
    TIM_ClearFlag                            0x08002db9   Thumb Code     6  stm32f10x_tim.o(i.TIM_ClearFlag)
    TIM_Cmd                                  0x08002dbf   Thumb Code    24  stm32f10x_tim.o(i.TIM_Cmd)
    TIM_CtrlPWMOutputs                       0x08002dd7   Thumb Code    30  stm32f10x_tim.o(i.TIM_CtrlPWMOutputs)
    TIM_ITConfig                             0x08002df5   Thumb Code    18  stm32f10x_tim.o(i.TIM_ITConfig)
    TIM_OC1Init                              0x08002e09   Thumb Code   132  stm32f10x_tim.o(i.TIM_OC1Init)
    TIM_OC1PreloadConfig                     0x08002ea1   Thumb Code    18  stm32f10x_tim.o(i.TIM_OC1PreloadConfig)
    TIM_OC2Init                              0x08002eb5   Thumb Code   154  stm32f10x_tim.o(i.TIM_OC2Init)
    TIM_OC2PreloadConfig                     0x08002f59   Thumb Code    26  stm32f10x_tim.o(i.TIM_OC2PreloadConfig)
    TIM_OC3Init                              0x08002f75   Thumb Code   150  stm32f10x_tim.o(i.TIM_OC3Init)
    TIM_OC3PreloadConfig                     0x08003015   Thumb Code    18  stm32f10x_tim.o(i.TIM_OC3PreloadConfig)
    TIM_OC4Init                              0x08003029   Thumb Code   114  stm32f10x_tim.o(i.TIM_OC4Init)
    TIM_OC4PreloadConfig                     0x080030a5   Thumb Code    26  stm32f10x_tim.o(i.TIM_OC4PreloadConfig)
    TIM_TimeBaseInit                         0x080030c1   Thumb Code   122  stm32f10x_tim.o(i.TIM_TimeBaseInit)
    ThrottleLimit                            0x08003165   Thumb Code    14  imath.o(i.ThrottleLimit)
    TimerInit                                0x08003175   Thumb Code    72  timer.o(i.TimerInit)
    TopLedColorSet                           0x080031c1   Thumb Code   102  led.o(i.TopLedColorSet)
    USART2_IRQHandler                        0x08003229   Thumb Code    32  usart2.o(i.USART2_IRQHandler)
    USART_ClearFlag                          0x0800324d   Thumb Code    18  stm32f10x_usart.o(i.USART_ClearFlag)
    USART_Cmd                                0x0800325f   Thumb Code    24  stm32f10x_usart.o(i.USART_Cmd)
    USART_DMACmd                             0x08003277   Thumb Code    18  stm32f10x_usart.o(i.USART_DMACmd)
    USART_GetFlagStatus                      0x08003289   Thumb Code    26  stm32f10x_usart.o(i.USART_GetFlagStatus)
    USART_GetITStatus                        0x080032a3   Thumb Code    84  stm32f10x_usart.o(i.USART_GetITStatus)
    USART_ITConfig                           0x080032f7   Thumb Code    74  stm32f10x_usart.o(i.USART_ITConfig)
    USART_Init                               0x08003341   Thumb Code   210  stm32f10x_usart.o(i.USART_Init)
    USART_ReceiveData                        0x08003419   Thumb Code    10  stm32f10x_usart.o(i.USART_ReceiveData)
    UnusualProtect                           0x08003425   Thumb Code    58  controller.o(i.UnusualProtect)
    UsageFault_Handler                       0x08003471   Thumb Code     4  stm32f10x_it.o(i.UsageFault_Handler)
    Usart2Init                               0x080034c1   Thumb Code   132  usart2.o(i.Usart2Init)
    VoltageDetect                            0x080035c5   Thumb Code   128  adc.o(i.VoltageDetect)
    __ARM_fpclassify                         0x08003661   Thumb Code    40  fpclassify.o(i.__ARM_fpclassify)
    __kernel_poly                            0x08003689   Thumb Code   170  poly.o(i.__kernel_poly)
    __mathlib_dbl_infnan                     0x08003733   Thumb Code     6  dunder.o(i.__mathlib_dbl_infnan)
    __mathlib_dbl_infnan2                    0x08003739   Thumb Code     4  dunder.o(i.__mathlib_dbl_infnan2)
    __mathlib_dbl_invalid                    0x0800373d   Thumb Code    12  dunder.o(i.__mathlib_dbl_invalid)
    __mathlib_dbl_underflow                  0x08003749   Thumb Code    10  dunder.o(i.__mathlib_dbl_underflow)
    _controller_perform                      0x08003759   Thumb Code    30  controller.o(i._controller_perform)
    adc_config                               0x08003825   Thumb Code   136  adc.o(i.adc_config)
    adc_gpio_init                            0x080038b1   Thumb Code    32  adc.o(i.adc_gpio_init)
    asin                                     0x080038d5   Thumb Code   572  asin.o(i.asin)
    atan                                     0x08003b45   Thumb Code   474  atan.o(i.atan)
    atan2                                    0x08003d65   Thumb Code   346  atan2.o(i.atan2)
    delay_ms                                 0x08003f49   Thumb Code    62  systick.o(i.delay_ms)
    delay_us                                 0x08003f8d   Thumb Code    56  systick.o(i.delay_us)
    direction_to_zero                        0x08003fc9   Thumb Code    34  imath.o(i.direction_to_zero)
    dmp_enable_6x_lp_quat                    0x08003feb   Thumb Code    60  inv_mpu_dmp_motion_driver.o(i.dmp_enable_6x_lp_quat)
    dmp_enable_feature                       0x08004029   Thumb Code   530  inv_mpu_dmp_motion_driver.o(i.dmp_enable_feature)
    dmp_enable_gyro_cal                      0x08004245   Thumb Code    62  inv_mpu_dmp_motion_driver.o(i.dmp_enable_gyro_cal)
    dmp_enable_lp_quat                       0x0800429d   Thumb Code    60  inv_mpu_dmp_motion_driver.o(i.dmp_enable_lp_quat)
    dmp_load_motion_driver_firmware          0x080042d9   Thumb Code    20  inv_mpu_dmp_motion_driver.o(i.dmp_load_motion_driver_firmware)
    dmp_read_fifo                            0x080042f1   Thumb Code   456  inv_mpu_dmp_motion_driver.o(i.dmp_read_fifo)
    dmp_set_accel_bias                       0x080044bd   Thumb Code   300  inv_mpu_dmp_motion_driver.o(i.dmp_set_accel_bias)
    dmp_set_fifo_rate                        0x080045ed   Thumb Code    96  inv_mpu_dmp_motion_driver.o(i.dmp_set_fifo_rate)
    dmp_set_gyro_bias                        0x0800465d   Thumb Code   294  inv_mpu_dmp_motion_driver.o(i.dmp_set_gyro_bias)
    dmp_set_orientation                      0x0800478d   Thumb Code   290  inv_mpu_dmp_motion_driver.o(i.dmp_set_orientation)
    dmp_set_shake_reject_thresh              0x080048c5   Thumb Code    56  inv_mpu_dmp_motion_driver.o(i.dmp_set_shake_reject_thresh)
    dmp_set_shake_reject_time                0x080048fd   Thumb Code    38  inv_mpu_dmp_motion_driver.o(i.dmp_set_shake_reject_time)
    dmp_set_shake_reject_timeout             0x08004923   Thumb Code    38  inv_mpu_dmp_motion_driver.o(i.dmp_set_shake_reject_timeout)
    dmp_set_tap_axes                         0x08004949   Thumb Code    70  inv_mpu_dmp_motion_driver.o(i.dmp_set_tap_axes)
    dmp_set_tap_count                        0x0800498f   Thumb Code    38  inv_mpu_dmp_motion_driver.o(i.dmp_set_tap_count)
    dmp_set_tap_thresh                       0x080049b5   Thumb Code   396  inv_mpu_dmp_motion_driver.o(i.dmp_set_tap_thresh)
    dmp_set_tap_time                         0x08004b55   Thumb Code    38  inv_mpu_dmp_motion_driver.o(i.dmp_set_tap_time)
    dmp_set_tap_time_multi                   0x08004b7b   Thumb Code    38  inv_mpu_dmp_motion_driver.o(i.dmp_set_tap_time_multi)
    inv_orientation_matrix_to_scalar         0x080051d5   Thumb Code    40  inv_mpu.o(i.inv_orientation_matrix_to_scalar)
    inv_row_2_scale                          0x080051fd   Thumb Code    78  inv_mpu.o(i.inv_row_2_scale)
    main                                     0x0800524b   Thumb Code   150  main.o(i.main)
    mget_ms                                  0x080052e1   Thumb Code     2  inv_mpu.o(i.mget_ms)
    mpu_configure_fifo                       0x080052e5   Thumb Code   106  inv_mpu.o(i.mpu_configure_fifo)
    mpu_dmp_get_data                         0x08005355   Thumb Code   544  inv_mpu.o(i.mpu_dmp_get_data)
    mpu_dmp_init                             0x08005579   Thumb Code   150  inv_mpu.o(i.mpu_dmp_init)
    mpu_get_accel_fsr                        0x08005615   Thumb Code    72  inv_mpu.o(i.mpu_get_accel_fsr)
    mpu_get_accel_sens                       0x08005661   Thumb Code    78  inv_mpu.o(i.mpu_get_accel_sens)
    mpu_get_fifo_config                      0x080056b5   Thumb Code    12  inv_mpu.o(i.mpu_get_fifo_config)
    mpu_get_gyro_fsr                         0x080056c5   Thumb Code    64  inv_mpu.o(i.mpu_get_gyro_fsr)
    mpu_get_gyro_sens                        0x08005709   Thumb Code    58  inv_mpu.o(i.mpu_get_gyro_sens)
    mpu_get_lpf                              0x08005759   Thumb Code    74  inv_mpu.o(i.mpu_get_lpf)
    mpu_get_sample_rate                      0x080057a9   Thumb Code    26  inv_mpu.o(i.mpu_get_sample_rate)
    mpu_init                                 0x080057c9   Thumb Code   396  inv_mpu.o(i.mpu_init)
    mpu_load_firmware                        0x08005959   Thumb Code   180  inv_mpu.o(i.mpu_load_firmware)
    mpu_lp_accel_mode                        0x08005a11   Thumb Code   218  inv_mpu.o(i.mpu_lp_accel_mode)
    mpu_read_fifo_stream                     0x08005af1   Thumb Code   186  inv_mpu.o(i.mpu_read_fifo_stream)
    mpu_read_mem                             0x08005bb1   Thumb Code   122  inv_mpu.o(i.mpu_read_mem)
    mpu_reset_fifo                           0x08005c31   Thumb Code   450  inv_mpu.o(i.mpu_reset_fifo)
    mpu_run_self_test                        0x08005df9   Thumb Code   278  inv_mpu.o(i.mpu_run_self_test)
    mpu_set_accel_fsr                        0x08005f15   Thumb Code   126  inv_mpu.o(i.mpu_set_accel_fsr)
    mpu_set_bypass                           0x08005f99   Thumb Code   328  inv_mpu.o(i.mpu_set_bypass)
    mpu_set_dmp_state                        0x080060e5   Thumb Code   138  inv_mpu.o(i.mpu_set_dmp_state)
    mpu_set_gyro_fsr                         0x08006175   Thumb Code   132  inv_mpu.o(i.mpu_set_gyro_fsr)
    mpu_set_int_latched                      0x080061fd   Thumb Code   102  inv_mpu.o(i.mpu_set_int_latched)
    mpu_set_lpf                              0x08006269   Thumb Code   126  inv_mpu.o(i.mpu_set_lpf)
    mpu_set_sample_rate                      0x080062ed   Thumb Code   152  inv_mpu.o(i.mpu_set_sample_rate)
    mpu_set_sensors                          0x08006389   Thumb Code   202  inv_mpu.o(i.mpu_set_sensors)
    mpu_write_mem                            0x08006459   Thumb Code   122  inv_mpu.o(i.mpu_write_mem)
    nrf_parse_packet                         0x080064d9   Thumb Code   260  parse_packet.o(i.nrf_parse_packet)
    run_self_test                            0x080065ed   Thumb Code   148  inv_mpu.o(i.run_self_test)
    sqrt                                     0x08006711   Thumb Code    76  sqrt.o(i.sqrt)
    time_check                               0x0800675d   Thumb Code    54  timer.o(i.time_check)
    wait_pairing                             0x080067a1   Thumb Code   148  pair_freq.o(i.wait_pairing)
    __aeabi_d2f                              0x08006845   Thumb Code     0  d2f.o(x$fpl$d2f)
    _d2f                                     0x08006845   Thumb Code    98  d2f.o(x$fpl$d2f)
    __aeabi_dadd                             0x080068a9   Thumb Code     0  daddsub_clz.o(x$fpl$dadd)
    _dadd                                    0x080068a9   Thumb Code   332  daddsub_clz.o(x$fpl$dadd)
    __fpl_dcheck_NaN1                        0x080069f9   Thumb Code    10  dcheck1.o(x$fpl$dcheck1)
    __aeabi_ddiv                             0x08006a09   Thumb Code     0  ddiv.o(x$fpl$ddiv)
    _ddiv                                    0x08006a09   Thumb Code   552  ddiv.o(x$fpl$ddiv)
    __aeabi_i2d                              0x08006cb9   Thumb Code     0  dflt_clz.o(x$fpl$dflt)
    _dflt                                    0x08006cb9   Thumb Code    46  dflt_clz.o(x$fpl$dflt)
    __aeabi_dmul                             0x08006ce9   Thumb Code     0  dmul.o(x$fpl$dmul)
    _dmul                                    0x08006ce9   Thumb Code   332  dmul.o(x$fpl$dmul)
    __fpl_dnaninf                            0x08006e3d   Thumb Code   156  dnaninf.o(x$fpl$dnaninf)
    __fpl_dretinf                            0x08006ed9   Thumb Code    12  dretinf.o(x$fpl$dretinf)
    __aeabi_drsub                            0x08006ee5   Thumb Code     0  daddsub_clz.o(x$fpl$drsb)
    _drsb                                    0x08006ee5   Thumb Code    22  daddsub_clz.o(x$fpl$drsb)
    _dsqrt                                   0x08006efd   Thumb Code   456  dsqrt_noumaal.o(x$fpl$dsqrt)
    __aeabi_dsub                             0x080070c9   Thumb Code     0  daddsub_clz.o(x$fpl$dsub)
    _dsub                                    0x080070c9   Thumb Code   464  daddsub_clz.o(x$fpl$dsub)
    __aeabi_f2d                              0x0800729d   Thumb Code     0  f2d.o(x$fpl$f2d)
    _f2d                                     0x0800729d   Thumb Code    86  f2d.o(x$fpl$f2d)
    __aeabi_fadd                             0x080072f5   Thumb Code     0  faddsub_clz.o(x$fpl$fadd)
    _fadd                                    0x080072f5   Thumb Code   196  faddsub_clz.o(x$fpl$fadd)
    __fpl_fcmp_Inf                           0x080073b9   Thumb Code    24  fcmpi.o(x$fpl$fcmpinf)
    __aeabi_fdiv                             0x080073d1   Thumb Code     0  fdiv.o(x$fpl$fdiv)
    _fdiv                                    0x080073d1   Thumb Code   384  fdiv.o(x$fpl$fdiv)
    __aeabi_cfcmpeq                          0x08007555   Thumb Code     0  feqf.o(x$fpl$feqf)
    _fcmpeq                                  0x08007555   Thumb Code   104  feqf.o(x$fpl$feqf)
    __aeabi_f2iz                             0x080075bd   Thumb Code     0  ffix.o(x$fpl$ffix)
    _ffix                                    0x080075bd   Thumb Code    54  ffix.o(x$fpl$ffix)
    __aeabi_f2uiz                            0x080075f5   Thumb Code     0  ffixu.o(x$fpl$ffixu)
    _ffixu                                   0x080075f5   Thumb Code    62  ffixu.o(x$fpl$ffixu)
    __aeabi_i2f                              0x08007635   Thumb Code     0  fflt_clz.o(x$fpl$fflt)
    _fflt                                    0x08007635   Thumb Code    48  fflt_clz.o(x$fpl$fflt)
    __aeabi_ui2f                             0x08007665   Thumb Code     0  fflt_clz.o(x$fpl$ffltu)
    _ffltu                                   0x08007665   Thumb Code    38  fflt_clz.o(x$fpl$ffltu)
    __aeabi_cfcmple                          0x0800768d   Thumb Code     0  fleqf.o(x$fpl$fleqf)
    _fcmple                                  0x0800768d   Thumb Code   104  fleqf.o(x$fpl$fleqf)
    __fpl_fcmple_InfNaN                      0x080076df   Thumb Code     0  fleqf.o(x$fpl$fleqf)
    __aeabi_fmul                             0x080076f5   Thumb Code     0  fmul.o(x$fpl$fmul)
    _fmul                                    0x080076f5   Thumb Code   258  fmul.o(x$fpl$fmul)
    __fpl_fnaninf                            0x080077f7   Thumb Code   140  fnaninf.o(x$fpl$fnaninf)
    __fpl_fretinf                            0x08007883   Thumb Code    10  fretinf.o(x$fpl$fretinf)
    __aeabi_cfrcmple                         0x0800788d   Thumb Code     0  frleqf.o(x$fpl$frleqf)
    _frcmple                                 0x0800788d   Thumb Code    98  frleqf.o(x$fpl$frleqf)
    __aeabi_fsub                             0x080078f1   Thumb Code     0  faddsub_clz.o(x$fpl$fsub)
    _fsub                                    0x080078f1   Thumb Code   234  faddsub_clz.o(x$fpl$fsub)
    __fpl_return_NaN                         0x080079db   Thumb Code   100  retnan.o(x$fpl$retnan)
    __ARM_scalbn                             0x08007a3f   Thumb Code    92  scalbn.o(x$fpl$scalbn)
    __fpl_cmpreturn                          0x08007a9b   Thumb Code    48  trapv.o(x$fpl$trapveneer)
    __I$use$fp                               0x08007aca   Number         0  usenofp.o(x$fpl$usenofp)
    pidIintData                              0x08007acc   Data         300  pid.o(.constdata)
    reg                                      0x08007bf8   Data          27  inv_mpu.o(.constdata)
    hw                                       0x08007c14   Data          12  inv_mpu.o(.constdata)
    test                                     0x08007c20   Data          40  inv_mpu.o(.constdata)
    __mathlib_zero                           0x08008928   Data           8  qnan.o(.constdata)
    Region$$Table$$Base                      0x08008930   Number         0  anon$$obj.o(Region$$Table)
    Region$$Table$$Limit                     0x08008950   Number         0  anon$$obj.o(Region$$Table)
    SystemCoreClock                          0x20000000   Data           4  system_stm32f10x.o(.data)
    AHBPrescTable                            0x20000004   Data          16  system_stm32f10x.o(.data)
    tickCount                                0x20000014   Data           4  systick.o(.data)
    blinkSpeedCount                          0x20000018   Data           2  led.o(.data)
    blinkPeriodCount                         0x2000001a   Data           2  led.o(.data)
    arrValue                                 0x2000001c   Data           2  pwm.o(.data)
    pscValue                                 0x2000001e   Data           1  pwm.o(.data)
    ccrValue                                 0x2000001f   Data           1  pwm.o(.data)
    flash_flag                               0x20000020   Data           2  flash.o(.data)
    flashStatus                              0x20000022   Data           1  flash.o(.data)
    pair                                     0x20000023   Data           6  pair_freq.o(.data)
    adc_value                                0x2000002c   Data           2  adc.o(.data)
    padc_value                               0x20000030   Data           4  adc.o(.data)
    pidResetFlag                             0x20000038   Data           4  pid.o(.data)
    running_tim_cnt                          0x2000003c   Data           4  timer.o(.data)
    controller_cnt                           0x20000040   Data           3  controller.o(.data)
    throttle                                 0x20000044   Data           4  controller.o(.data)
    _control                                 0x20000048   Data           1  controller.o(.data)
    Motor1                                   0x2000004a   Data           2  controller.o(.data)
    Motor2                                   0x2000004c   Data           2  controller.o(.data)
    Motor3                                   0x2000004e   Data           2  controller.o(.data)
    Motor4                                   0x20000050   Data           2  controller.o(.data)
    high_mark_flag                           0x20000052   Data           1  controller.o(.data)
    fix_mark_flag                            0x20000053   Data           1  controller.o(.data)
    Mpu                                      0x200000a8   Data          36  mpu6050.o(.bss)
    Rx_packet                                0x200000cc   Data          11  parse_packet.o(.bss)
    txPacket                                 0x200000d7   Data          11  parse_packet.o(.bss)
    plane                                    0x200000e4   Data          36  parse_packet.o(.bss)
    allPid                                   0x20000108   Data         660  pid.o(.bss)
    run_start                                0x2000039c   Data          16  timer.o(.bss)
    run_stop                                 0x200003ac   Data          16  timer.o(.bss)
    att                                      0x200003bc   Data          12  imu.o(.bss)
    att_time                                 0x200003c8   Data          16  imu.o(.bss)
    __libspace_start                         0x2000041c   Data          96  libspace.o(.bss)
    __temporary_stack_top$libspace           0x2000047c   Data           0  libspace.o(.bss)



==============================================================================

Memory Map of the image

  Image Entry point : 0x080000ed

  Load Region LR_IROM1 (Base: 0x08000000, Size: 0x000089f8, Max: 0x00020000, ABSOLUTE)

    Execution Region ER_IROM1 (Exec base: 0x08000000, Load base: 0x08000000, Size: 0x00008950, Max: 0x00020000, ABSOLUTE)

    Exec Addr    Load Addr    Size         Type   Attr      Idx    E Section Name        Object

    0x08000000   0x08000000   0x000000ec   Data   RO          266    RESET               startup_stm32f10x_md.o
    0x080000ec   0x080000ec   0x00000008   Code   RO         4689  * !!!main             c_w.l(__main.o)
    0x080000f4   0x080000f4   0x00000034   Code   RO         5186    !!!scatter          c_w.l(__scatter.o)
    0x08000128   0x08000128   0x0000001a   Code   RO         5188    !!handler_copy      c_w.l(__scatter_copy.o)
    0x08000142   0x08000142   0x00000002   PAD
    0x08000144   0x08000144   0x0000001c   Code   RO         5190    !!handler_zi        c_w.l(__scatter_zi.o)
    0x08000160   0x08000160   0x00000002   Code   RO         4973    .ARM.Collect$$libinit$$00000000  c_w.l(libinit.o)
    0x08000162   0x08000162   0x00000000   Code   RO         4975    .ARM.Collect$$libinit$$00000002  c_w.l(libinit2.o)
    0x08000162   0x08000162   0x00000000   Code   RO         4977    .ARM.Collect$$libinit$$00000004  c_w.l(libinit2.o)
    0x08000162   0x08000162   0x00000000   Code   RO         4980    .ARM.Collect$$libinit$$0000000A  c_w.l(libinit2.o)
    0x08000162   0x08000162   0x00000000   Code   RO         4982    .ARM.Collect$$libinit$$0000000C  c_w.l(libinit2.o)
    0x08000162   0x08000162   0x00000000   Code   RO         4984    .ARM.Collect$$libinit$$0000000E  c_w.l(libinit2.o)
    0x08000162   0x08000162   0x00000000   Code   RO         4987    .ARM.Collect$$libinit$$00000011  c_w.l(libinit2.o)
    0x08000162   0x08000162   0x00000000   Code   RO         4989    .ARM.Collect$$libinit$$00000013  c_w.l(libinit2.o)
    0x08000162   0x08000162   0x00000000   Code   RO         4991    .ARM.Collect$$libinit$$00000015  c_w.l(libinit2.o)
    0x08000162   0x08000162   0x00000000   Code   RO         4993    .ARM.Collect$$libinit$$00000017  c_w.l(libinit2.o)
    0x08000162   0x08000162   0x00000000   Code   RO         4995    .ARM.Collect$$libinit$$00000019  c_w.l(libinit2.o)
    0x08000162   0x08000162   0x00000000   Code   RO         4997    .ARM.Collect$$libinit$$0000001B  c_w.l(libinit2.o)
    0x08000162   0x08000162   0x00000000   Code   RO         4999    .ARM.Collect$$libinit$$0000001D  c_w.l(libinit2.o)
    0x08000162   0x08000162   0x00000000   Code   RO         5001    .ARM.Collect$$libinit$$0000001F  c_w.l(libinit2.o)
    0x08000162   0x08000162   0x00000000   Code   RO         5003    .ARM.Collect$$libinit$$00000021  c_w.l(libinit2.o)
    0x08000162   0x08000162   0x00000000   Code   RO         5005    .ARM.Collect$$libinit$$00000023  c_w.l(libinit2.o)
    0x08000162   0x08000162   0x00000000   Code   RO         5007    .ARM.Collect$$libinit$$00000025  c_w.l(libinit2.o)
    0x08000162   0x08000162   0x00000000   Code   RO         5011    .ARM.Collect$$libinit$$0000002C  c_w.l(libinit2.o)
    0x08000162   0x08000162   0x00000000   Code   RO         5013    .ARM.Collect$$libinit$$0000002E  c_w.l(libinit2.o)
    0x08000162   0x08000162   0x00000000   Code   RO         5015    .ARM.Collect$$libinit$$00000030  c_w.l(libinit2.o)
    0x08000162   0x08000162   0x00000000   Code   RO         5017    .ARM.Collect$$libinit$$00000032  c_w.l(libinit2.o)
    0x08000162   0x08000162   0x00000002   Code   RO         5018    .ARM.Collect$$libinit$$00000033  c_w.l(libinit2.o)
    0x08000164   0x08000164   0x00000002   Code   RO         5167    .ARM.Collect$$libshutdown$$00000000  c_w.l(libshutdown.o)
    0x08000166   0x08000166   0x00000000   Code   RO         5020    .ARM.Collect$$libshutdown$$00000002  c_w.l(libshutdown2.o)
    0x08000166   0x08000166   0x00000000   Code   RO         5022    .ARM.Collect$$libshutdown$$00000004  c_w.l(libshutdown2.o)
    0x08000166   0x08000166   0x00000000   Code   RO         5025    .ARM.Collect$$libshutdown$$00000007  c_w.l(libshutdown2.o)
    0x08000166   0x08000166   0x00000000   Code   RO         5028    .ARM.Collect$$libshutdown$$0000000A  c_w.l(libshutdown2.o)
    0x08000166   0x08000166   0x00000000   Code   RO         5030    .ARM.Collect$$libshutdown$$0000000C  c_w.l(libshutdown2.o)
    0x08000166   0x08000166   0x00000000   Code   RO         5033    .ARM.Collect$$libshutdown$$0000000F  c_w.l(libshutdown2.o)
    0x08000166   0x08000166   0x00000002   Code   RO         5034    .ARM.Collect$$libshutdown$$00000010  c_w.l(libshutdown2.o)
    0x08000168   0x08000168   0x00000000   Code   RO         4763    .ARM.Collect$$rtentry$$00000000  c_w.l(__rtentry.o)
    0x08000168   0x08000168   0x00000000   Code   RO         4832    .ARM.Collect$$rtentry$$00000002  c_w.l(__rtentry2.o)
    0x08000168   0x08000168   0x00000006   Code   RO         4844    .ARM.Collect$$rtentry$$00000004  c_w.l(__rtentry4.o)
    0x0800016e   0x0800016e   0x00000000   Code   RO         4834    .ARM.Collect$$rtentry$$00000009  c_w.l(__rtentry2.o)
    0x0800016e   0x0800016e   0x00000004   Code   RO         4835    .ARM.Collect$$rtentry$$0000000A  c_w.l(__rtentry2.o)
    0x08000172   0x08000172   0x00000000   Code   RO         4837    .ARM.Collect$$rtentry$$0000000C  c_w.l(__rtentry2.o)
    0x08000172   0x08000172   0x00000008   Code   RO         4838    .ARM.Collect$$rtentry$$0000000D  c_w.l(__rtentry2.o)
    0x0800017a   0x0800017a   0x00000002   Code   RO         5044    .ARM.Collect$$rtexit$$00000000  c_w.l(rtexit.o)
    0x0800017c   0x0800017c   0x00000000   Code   RO         5106    .ARM.Collect$$rtexit$$00000002  c_w.l(rtexit2.o)
    0x0800017c   0x0800017c   0x00000004   Code   RO         5107    .ARM.Collect$$rtexit$$00000003  c_w.l(rtexit2.o)
    0x08000180   0x08000180   0x00000006   Code   RO         5108    .ARM.Collect$$rtexit$$00000004  c_w.l(rtexit2.o)
    0x08000186   0x08000186   0x00000002   PAD
    0x08000188   0x08000188   0x00000040   Code   RO          267    .text               startup_stm32f10x_md.o
    0x080001c8   0x080001c8   0x00000048   Code   RO         4626    .text               c_w.l(llsdiv.o)
    0x08000210   0x08000210   0x00000058   Code   RO         4679    .text               c_w.l(memcmp.o)
    0x08000268   0x08000268   0x00000064   Code   RO         4681    .text               c_w.l(rt_memcpy_w.o)
    0x080002cc   0x080002cc   0x00000010   Code   RO         4683    .text               c_w.l(aeabi_memset.o)
    0x080002dc   0x080002dc   0x0000004e   Code   RO         4685    .text               c_w.l(rt_memclr_w.o)
    0x0800032a   0x0800032a   0x00000006   Code   RO         4687    .text               c_w.l(heapauxi.o)
    0x08000330   0x08000330   0x000000ee   Code   RO         4764    .text               c_w.l(lludivv7m.o)
    0x0800041e   0x0800041e   0x00000016   Code   RO         4766    .text               c_w.l(_rserrno.o)
    0x08000434   0x08000434   0x00000044   Code   RO         4779    .text               c_w.l(rt_memclr.o)
    0x08000478   0x08000478   0x00000008   Code   RO         4853    .text               c_w.l(rt_errno_addr_intlibspace.o)
    0x08000480   0x08000480   0x00000008   Code   RO         4882    .text               c_w.l(libspace.o)
    0x08000488   0x08000488   0x0000004a   Code   RO         4887    .text               c_w.l(sys_stackheap_outer.o)
    0x080004d2   0x080004d2   0x00000012   Code   RO         4962    .text               c_w.l(exit.o)
    0x080004e4   0x080004e4   0x00000002   Code   RO         5041    .text               c_w.l(use_no_semi.o)
    0x080004e6   0x080004e6   0x00000000   Code   RO         5043    .text               c_w.l(indicate_semi.o)
    0x080004e6   0x080004e6   0x00000002   PAD
    0x080004e8   0x080004e8   0x0000000c   Code   RO         5103    .text               c_w.l(sys_exit.o)
    0x080004f4   0x080004f4   0x00000016   Code   RO         1699    i.ADC_Cmd           stm32f10x_adc.o
    0x0800050a   0x0800050a   0x00000016   Code   RO         1700    i.ADC_DMACmd        stm32f10x_adc.o
    0x08000520   0x08000520   0x00000014   Code   RO         1707    i.ADC_GetCalibrationStatus  stm32f10x_adc.o
    0x08000534   0x08000534   0x00000050   Code   RO         1717    i.ADC_Init          stm32f10x_adc.o
    0x08000584   0x08000584   0x000000b8   Code   RO         1721    i.ADC_RegularChannelConfig  stm32f10x_adc.o
    0x0800063c   0x0800063c   0x0000000a   Code   RO         1722    i.ADC_ResetCalibration  stm32f10x_adc.o
    0x08000646   0x08000646   0x00000016   Code   RO         1724    i.ADC_SoftwareStartConvCmd  stm32f10x_adc.o
    0x0800065c   0x0800065c   0x0000000a   Code   RO         1726    i.ADC_StartCalibration  stm32f10x_adc.o
    0x08000666   0x08000666   0x00000002   PAD
    0x08000668   0x08000668   0x000000e8   Code   RO         1063    i.ANODTDataReceivePrepare  usart2.o
    0x08000750   0x08000750   0x00000394   Code   RO         1064    i.ANODataReceiveAnalysis  usart2.o
    0x08000ae4   0x08000ae4   0x00000150   Code   RO         1065    i.ANOSendStatus     usart2.o
    0x08000c34   0x08000c34   0x00000048   Code   RO         1066    i.ANO_DT_Send_Check  usart2.o
    0x08000c7c   0x08000c7c   0x00000018   Code   RO          824    i.AdcInit           adc.o
    0x08000c94   0x08000c94   0x000000c8   Code   RO          864    i.AllPidInit        pid.o
    0x08000d5c   0x08000d5c   0x00000098   Code   RO          943    i.AngleController   controller.o
    0x08000df4   0x08000df4   0x00000004   Code   RO          173    i.BusFault_Handler  stm32f10x_it.o
    0x08000df8   0x08000df8   0x00000006   Code   RO          865    i.ClearIntegral     pid.o
    0x08000dfe   0x08000dfe   0x00000002   PAD
    0x08000e00   0x08000e00   0x00000038   Code   RO          944    i.ControModel       controller.o
    0x08000e38   0x08000e38   0x000001d4   Code   RO          945    i.ControllerOutput  controller.o
    0x0800100c   0x0800100c   0x00000018   Code   RO         2384    i.DMA_Cmd           stm32f10x_dma.o
    0x08001024   0x08001024   0x0000014c   Code   RO         2385    i.DMA_DeInit        stm32f10x_dma.o
    0x08001170   0x08001170   0x0000003c   Code   RO         2390    i.DMA_Init          stm32f10x_dma.o
    0x080011ac   0x080011ac   0x00000004   Code   RO         2391    i.DMA_SetCurrDataCounter  stm32f10x_dma.o
    0x080011b0   0x080011b0   0x0000022c   Code   RO         1068    i.DateTransfer      usart2.o
    0x080013dc   0x080013dc   0x00000002   Code   RO          174    i.DebugMon_Handler  stm32f10x_it.o
    0x080013de   0x080013de   0x00000002   PAD
    0x080013e0   0x080013e0   0x00000058   Code   RO          825    i.DmaConfig         adc.o
    0x08001438   0x08001438   0x0000000c   Code   RO         2508    i.FLASH_ClearFlag   stm32f10x_flash.o
    0x08001444   0x08001444   0x0000004c   Code   RO         2513    i.FLASH_ErasePage   stm32f10x_flash.o
    0x08001490   0x08001490   0x00000034   Code   RO         2514    i.FLASH_GetBank1Status  stm32f10x_flash.o
    0x080014c4   0x080014c4   0x00000014   Code   RO         2524    i.FLASH_LockBank1   stm32f10x_flash.o
    0x080014d8   0x080014d8   0x0000006c   Code   RO         2528    i.FLASH_ProgramWord  stm32f10x_flash.o
    0x08001544   0x08001544   0x00000018   Code   RO         2532    i.FLASH_UnlockBank1  stm32f10x_flash.o
    0x0800155c   0x0800155c   0x00000026   Code   RO         2535    i.FLASH_WaitForLastOperation  stm32f10x_flash.o
    0x08001582   0x08001582   0x00000116   Code   RO         2808    i.GPIO_Init         stm32f10x_gpio.o
    0x08001698   0x08001698   0x00000004   Code   RO         2815    i.GPIO_ResetBits    stm32f10x_gpio.o
    0x0800169c   0x0800169c   0x00000004   Code   RO         2816    i.GPIO_SetBits      stm32f10x_gpio.o
    0x080016a0   0x080016a0   0x0000004c   Code   RO          946    i.GyroController    controller.o
    0x080016ec   0x080016ec   0x00000050   Code   RO         1015    i.GyroDataTransformDeg  imu.o
    0x0800173c   0x0800173c   0x00000004   Code   RO          175    i.HardFault_Handler  stm32f10x_it.o
    0x08001740   0x08001740   0x00000034   Code   RO          442    i.IIC_Ack           iic.o
    0x08001774   0x08001774   0x0000004c   Code   RO          443    i.IIC_Init          iic.o
    0x080017c0   0x080017c0   0x00000034   Code   RO          444    i.IIC_NAck          iic.o
    0x080017f4   0x080017f4   0x00000054   Code   RO          445    i.IIC_Read_Byte     iic.o
    0x08001848   0x08001848   0x0000005c   Code   RO          446    i.IIC_Send_Byte     iic.o
    0x080018a4   0x080018a4   0x00000034   Code   RO          447    i.IIC_Start         iic.o
    0x080018d8   0x080018d8   0x00000034   Code   RO          448    i.IIC_Stop          iic.o
    0x0800190c   0x0800190c   0x0000004c   Code   RO          449    i.IIC_Wait_Ack      iic.o
    0x08001958   0x08001958   0x00000002   Code   RO          450    i.IIC_delay         iic.o
    0x0800195a   0x0800195a   0x00000002   PAD
    0x0800195c   0x0800195c   0x00000020   Code   RO         1016    i.IMU               imu.o
    0x0800197c   0x0800197c   0x00000050   Code   RO          517    i.MPU6050_Get_Gyroscope  mpu6050.o
    0x080019cc   0x080019cc   0x00000076   Code   RO          519    i.MPU6050_Init      mpu6050.o
    0x08001a42   0x08001a42   0x0000003a   Code   RO          520    i.MPU6050_Read_Byte  mpu6050.o
    0x08001a7c   0x08001a7c   0x00000074   Code   RO          521    i.MPU6050_Read_Len  mpu6050.o
    0x08001af0   0x08001af0   0x00000010   Code   RO          522    i.MPU6050_Set_Accel_Fsr  mpu6050.o
    0x08001b00   0x08001b00   0x00000010   Code   RO          523    i.MPU6050_Set_Gyro_Fsr  mpu6050.o
    0x08001b10   0x08001b10   0x0000003a   Code   RO          524    i.MPU6050_Set_LPF   mpu6050.o
    0x08001b4a   0x08001b4a   0x0000003a   Code   RO          525    i.MPU6050_Set_Rate  mpu6050.o
    0x08001b84   0x08001b84   0x00000044   Code   RO          526    i.MPU6050_Write_Byte  mpu6050.o
    0x08001bc8   0x08001bc8   0x00000060   Code   RO          527    i.MPU6050_Write_Len  mpu6050.o
    0x08001c28   0x08001c28   0x00000004   Code   RO          176    i.MemManage_Handler  stm32f10x_it.o
    0x08001c2c   0x08001c2c   0x00000002   Code   RO          177    i.NMI_Handler       stm32f10x_it.o
    0x08001c2e   0x08001c2e   0x00000002   PAD
    0x08001c30   0x08001c30   0x00000058   Code   RO          718    i.NRF24L01Init      nrf24l01.o
    0x08001c88   0x08001c88   0x00000070   Code   RO          719    i.NRF24L01ReceiveMode  nrf24l01.o
    0x08001cf8   0x08001cf8   0x0000004c   Code   RO          720    i.NRF24L01_Check    nrf24l01.o
    0x08001d44   0x08001d44   0x00000034   Code   RO          721    i.NRF24L01_RxPacket  nrf24l01.o
    0x08001d78   0x08001d78   0x00000070   Code   RO         1657    i.NVIC_Init         misc.o
    0x08001de8   0x08001de8   0x00000014   Code   RO         1658    i.NVIC_PriorityGroupConfig  misc.o
    0x08001dfc   0x08001dfc   0x00000044   Code   RO          931    i.NVIC_config       nvic.o
    0x08001e40   0x08001e40   0x00000054   Code   RO          690    i.NrfACKPacket      parse_packet.o
    0x08001e94   0x08001e94   0x00000002   Code   RO          178    i.PendSV_Handler    stm32f10x_it.o
    0x08001e96   0x08001e96   0x000000a4   Code   RO          866    i.PidController     pid.o
    0x08001f3a   0x08001f3a   0x00000100   Code   RO          624    i.PidDataReadFromFlash  flash.o
    0x0800203a   0x0800203a   0x0000009a   Code   RO         1069    i.PidDataSend       usart2.o
    0x080020d4   0x080020d4   0x0000015c   Code   RO          625    i.PidDataWriteToFlash  flash.o
    0x08002230   0x08002230   0x00000044   Code   RO          867    i.PidInit           pid.o
    0x08002274   0x08002274   0x000000e0   Code   RO          993    i.PlaneLockStatus   fc_status.o
    0x08002354   0x08002354   0x000000e0   Code   RO          385    i.PwmInit           pwm.o
    0x08002434   0x08002434   0x0000005c   Code   RO          386    i.PwmOut            pwm.o
    0x08002490   0x08002490   0x00000018   Code   RO         3222    i.RCC_ADCCLKConfig  stm32f10x_rcc.o
    0x080024a8   0x080024a8   0x00000020   Code   RO         3223    i.RCC_AHBPeriphClockCmd  stm32f10x_rcc.o
    0x080024c8   0x080024c8   0x00000020   Code   RO         3224    i.RCC_APB1PeriphClockCmd  stm32f10x_rcc.o
    0x080024e8   0x080024e8   0x00000020   Code   RO         3226    i.RCC_APB2PeriphClockCmd  stm32f10x_rcc.o
    0x08002508   0x08002508   0x000000d4   Code   RO         3234    i.RCC_GetClocksFreq  stm32f10x_rcc.o
    0x080025dc   0x080025dc   0x0000001a   Code   RO          304    i.RGB_LED_Blue      led.o
    0x080025f6   0x080025f6   0x0000001a   Code   RO          305    i.RGB_LED_Green     led.o
    0x08002610   0x08002610   0x0000001a   Code   RO          306    i.RGB_LED_Red       led.o
    0x0800262a   0x0800262a   0x00000002   PAD
    0x0800262c   0x0800262c   0x00000018   Code   RO          307    i.RGB_LED_Reset     led.o
    0x08002644   0x08002644   0x000000b4   Code   RO          308    i.RGB_LED_Write0    led.o
    0x080026f8   0x080026f8   0x000000ac   Code   RO          309    i.RGB_LED_Write1    led.o
    0x080027a4   0x080027a4   0x0000001c   Code   RO          310    i.RGB_LED_Write_24Bits  led.o
    0x080027c0   0x080027c0   0x00000026   Code   RO          311    i.RGB_LED_Write_Byte  led.o
    0x080027e6   0x080027e6   0x00000002   PAD
    0x080027e8   0x080027e8   0x00000068   Code   RO          312    i.RGB_LedBlink      led.o
    0x08002850   0x08002850   0x0000003c   Code   RO          313    i.RGB_LedInit       led.o
    0x0800288c   0x0800288c   0x00000064   Code   RO          314    i.RGB_LedStatus     led.o
    0x080028f0   0x080028f0   0x0000001c   Code   RO          451    i.SDA_IN            iic.o
    0x0800290c   0x0800290c   0x00000024   Code   RO          452    i.SDA_OUT           iic.o
    0x08002930   0x08002930   0x00000018   Code   RO         3703    i.SPI_Cmd           stm32f10x_spi.o
    0x08002948   0x08002948   0x00000012   Code   RO         3711    i.SPI_I2S_GetFlagStatus  stm32f10x_spi.o
    0x0800295a   0x0800295a   0x00000006   Code   RO         3714    i.SPI_I2S_ReceiveData  stm32f10x_spi.o
    0x08002960   0x08002960   0x00000004   Code   RO         3715    i.SPI_I2S_SendData  stm32f10x_spi.o
    0x08002964   0x08002964   0x0000003c   Code   RO         3716    i.SPI_Init          stm32f10x_spi.o
    0x080029a0   0x080029a0   0x00000040   Code   RO          724    i.SPI_Read_Buf      nrf24l01.o
    0x080029e0   0x080029e0   0x0000002c   Code   RO          725    i.SPI_Read_Reg      nrf24l01.o
    0x08002a0c   0x08002a0c   0x00000040   Code   RO          726    i.SPI_Write_Buf     nrf24l01.o
    0x08002a4c   0x08002a4c   0x0000002c   Code   RO          727    i.SPI_Write_Reg     nrf24l01.o
    0x08002a78   0x08002a78   0x0000001a   Code   RO          626    i.STM32_FLASH_Read  flash.o
    0x08002a92   0x08002a92   0x00000002   Code   RO          179    i.SVC_Handler       stm32f10x_it.o
    0x08002a94   0x08002a94   0x00000008   Code   RO          230    i.SetSysClock       system_stm32f10x.o
    0x08002a9c   0x08002a9c   0x000000e0   Code   RO          231    i.SetSysClockTo72   system_stm32f10x.o
    0x08002b7c   0x08002b7c   0x000000a8   Code   RO          787    i.SpiInit           spi.o
    0x08002c24   0x08002c24   0x00000038   Code   RO          788    i.Spi_RW_Byte       spi.o
    0x08002c5c   0x08002c5c   0x00000018   Code   RO          271    i.SysTick_Handler   systick.o
    0x08002c74   0x08002c74   0x00000060   Code   RO          233    i.SystemInit        system_stm32f10x.o
    0x08002cd4   0x08002cd4   0x00000030   Code   RO          272    i.SystickInit       systick.o
    0x08002d04   0x08002d04   0x0000009c   Code   RO          899    i.TIM3_IRQHandler   timer.o
    0x08002da0   0x08002da0   0x00000018   Code   RO         3846    i.TIM_ARRPreloadConfig  stm32f10x_tim.o
    0x08002db8   0x08002db8   0x00000006   Code   RO         3852    i.TIM_ClearFlag     stm32f10x_tim.o
    0x08002dbe   0x08002dbe   0x00000018   Code   RO         3858    i.TIM_Cmd           stm32f10x_tim.o
    0x08002dd6   0x08002dd6   0x0000001e   Code   RO         3860    i.TIM_CtrlPWMOutputs  stm32f10x_tim.o
    0x08002df4   0x08002df4   0x00000012   Code   RO         3883    i.TIM_ITConfig      stm32f10x_tim.o
    0x08002e06   0x08002e06   0x00000002   PAD
    0x08002e08   0x08002e08   0x00000098   Code   RO         3887    i.TIM_OC1Init       stm32f10x_tim.o
    0x08002ea0   0x08002ea0   0x00000012   Code   RO         3890    i.TIM_OC1PreloadConfig  stm32f10x_tim.o
    0x08002eb2   0x08002eb2   0x00000002   PAD
    0x08002eb4   0x08002eb4   0x000000a4   Code   RO         3892    i.TIM_OC2Init       stm32f10x_tim.o
    0x08002f58   0x08002f58   0x0000001a   Code   RO         3895    i.TIM_OC2PreloadConfig  stm32f10x_tim.o
    0x08002f72   0x08002f72   0x00000002   PAD
    0x08002f74   0x08002f74   0x000000a0   Code   RO         3897    i.TIM_OC3Init       stm32f10x_tim.o
    0x08003014   0x08003014   0x00000012   Code   RO         3900    i.TIM_OC3PreloadConfig  stm32f10x_tim.o
    0x08003026   0x08003026   0x00000002   PAD
    0x08003028   0x08003028   0x0000007c   Code   RO         3902    i.TIM_OC4Init       stm32f10x_tim.o
    0x080030a4   0x080030a4   0x0000001a   Code   RO         3904    i.TIM_OC4PreloadConfig  stm32f10x_tim.o
    0x080030be   0x080030be   0x00000002   PAD
    0x080030c0   0x080030c0   0x000000a4   Code   RO         3929    i.TIM_TimeBaseInit  stm32f10x_tim.o
    0x08003164   0x08003164   0x0000000e   Code   RO          414    i.ThrottleLimit     imath.o
    0x08003172   0x08003172   0x00000002   PAD
    0x08003174   0x08003174   0x0000004c   Code   RO          900    i.TimerInit         timer.o
    0x080031c0   0x080031c0   0x00000066   Code   RO          315    i.TopLedColorSet    led.o
    0x08003226   0x08003226   0x00000002   PAD
    0x08003228   0x08003228   0x00000024   Code   RO         1070    i.USART2_IRQHandler  usart2.o
    0x0800324c   0x0800324c   0x00000012   Code   RO         4390    i.USART_ClearFlag   stm32f10x_usart.o
    0x0800325e   0x0800325e   0x00000018   Code   RO         4394    i.USART_Cmd         stm32f10x_usart.o
    0x08003276   0x08003276   0x00000012   Code   RO         4395    i.USART_DMACmd      stm32f10x_usart.o
    0x08003288   0x08003288   0x0000001a   Code   RO         4397    i.USART_GetFlagStatus  stm32f10x_usart.o
    0x080032a2   0x080032a2   0x00000054   Code   RO         4398    i.USART_GetITStatus  stm32f10x_usart.o
    0x080032f6   0x080032f6   0x0000004a   Code   RO         4400    i.USART_ITConfig    stm32f10x_usart.o
    0x08003340   0x08003340   0x000000d8   Code   RO         4401    i.USART_Init        stm32f10x_usart.o
    0x08003418   0x08003418   0x0000000a   Code   RO         4408    i.USART_ReceiveData  stm32f10x_usart.o
    0x08003422   0x08003422   0x00000002   PAD
    0x08003424   0x08003424   0x0000004c   Code   RO          947    i.UnusualProtect    controller.o
    0x08003470   0x08003470   0x00000004   Code   RO          180    i.UsageFault_Handler  stm32f10x_it.o
    0x08003474   0x08003474   0x0000004a   Code   RO         1071    i.Usart2DmaConfig   usart2.o
    0x080034be   0x080034be   0x00000002   PAD
    0x080034c0   0x080034c0   0x0000008c   Code   RO         1072    i.Usart2Init        usart2.o
    0x0800354c   0x0800354c   0x00000038   Code   RO         1073    i.Usart2Send        usart2.o
    0x08003584   0x08003584   0x00000040   Code   RO         1074    i.UsartDMASendData  usart2.o
    0x080035c4   0x080035c4   0x0000009c   Code   RO          826    i.VoltageDetect     adc.o
    0x08003660   0x08003660   0x00000028   Code   RO         4818    i.__ARM_fpclassify  m_ws.l(fpclassify.o)
    0x08003688   0x08003688   0x000000aa   Code   RO         4820    i.__kernel_poly     m_ws.l(poly.o)
    0x08003732   0x08003732   0x00000006   Code   RO         4805    i.__mathlib_dbl_infnan  m_ws.l(dunder.o)
    0x08003738   0x08003738   0x00000004   Code   RO         4806    i.__mathlib_dbl_infnan2  m_ws.l(dunder.o)
    0x0800373c   0x0800373c   0x0000000c   Code   RO         4807    i.__mathlib_dbl_invalid  m_ws.l(dunder.o)
    0x08003748   0x08003748   0x00000010   Code   RO         4810    i.__mathlib_dbl_underflow  m_ws.l(dunder.o)
    0x08003758   0x08003758   0x00000024   Code   RO          948    i._controller_perform  controller.o
    0x0800377c   0x0800377c   0x000000a8   Code   RO         1136    i.accel_self_test   inv_mpu.o
    0x08003824   0x08003824   0x0000008c   Code   RO          827    i.adc_config        adc.o
    0x080038b0   0x080038b0   0x00000024   Code   RO          828    i.adc_gpio_init     adc.o
    0x080038d4   0x080038d4   0x00000270   Code   RO         4746    i.asin              m_ws.l(asin.o)
    0x08003b44   0x08003b44   0x00000220   Code   RO         4795    i.atan              m_ws.l(atan.o)
    0x08003d64   0x08003d64   0x00000180   Code   RO         4756    i.atan2             m_ws.l(atan2.o)
    0x08003ee4   0x08003ee4   0x00000064   Code   RO         1469    i.decode_gesture    inv_mpu_dmp_motion_driver.o
    0x08003f48   0x08003f48   0x00000044   Code   RO          273    i.delay_ms          systick.o
    0x08003f8c   0x08003f8c   0x0000003c   Code   RO          274    i.delay_us          systick.o
    0x08003fc8   0x08003fc8   0x00000022   Code   RO          415    i.direction_to_zero  imath.o
    0x08003fea   0x08003fea   0x0000003c   Code   RO         1470    i.dmp_enable_6x_lp_quat  inv_mpu_dmp_motion_driver.o
    0x08004026   0x08004026   0x00000002   PAD
    0x08004028   0x08004028   0x0000021c   Code   RO         1471    i.dmp_enable_feature  inv_mpu_dmp_motion_driver.o
    0x08004244   0x08004244   0x00000058   Code   RO         1472    i.dmp_enable_gyro_cal  inv_mpu_dmp_motion_driver.o
    0x0800429c   0x0800429c   0x0000003c   Code   RO         1473    i.dmp_enable_lp_quat  inv_mpu_dmp_motion_driver.o
    0x080042d8   0x080042d8   0x00000018   Code   RO         1478    i.dmp_load_motion_driver_firmware  inv_mpu_dmp_motion_driver.o
    0x080042f0   0x080042f0   0x000001cc   Code   RO         1479    i.dmp_read_fifo     inv_mpu_dmp_motion_driver.o
    0x080044bc   0x080044bc   0x00000130   Code   RO         1482    i.dmp_set_accel_bias  inv_mpu_dmp_motion_driver.o
    0x080045ec   0x080045ec   0x00000070   Code   RO         1483    i.dmp_set_fifo_rate  inv_mpu_dmp_motion_driver.o
    0x0800465c   0x0800465c   0x00000130   Code   RO         1484    i.dmp_set_gyro_bias  inv_mpu_dmp_motion_driver.o
    0x0800478c   0x0800478c   0x00000138   Code   RO         1486    i.dmp_set_orientation  inv_mpu_dmp_motion_driver.o
    0x080048c4   0x080048c4   0x00000038   Code   RO         1489    i.dmp_set_shake_reject_thresh  inv_mpu_dmp_motion_driver.o
    0x080048fc   0x080048fc   0x00000026   Code   RO         1490    i.dmp_set_shake_reject_time  inv_mpu_dmp_motion_driver.o
    0x08004922   0x08004922   0x00000026   Code   RO         1491    i.dmp_set_shake_reject_timeout  inv_mpu_dmp_motion_driver.o
    0x08004948   0x08004948   0x00000046   Code   RO         1492    i.dmp_set_tap_axes  inv_mpu_dmp_motion_driver.o
    0x0800498e   0x0800498e   0x00000026   Code   RO         1493    i.dmp_set_tap_count  inv_mpu_dmp_motion_driver.o
    0x080049b4   0x080049b4   0x000001a0   Code   RO         1494    i.dmp_set_tap_thresh  inv_mpu_dmp_motion_driver.o
    0x08004b54   0x08004b54   0x00000026   Code   RO         1495    i.dmp_set_tap_time  inv_mpu_dmp_motion_driver.o
    0x08004b7a   0x08004b7a   0x00000026   Code   RO         1496    i.dmp_set_tap_time_multi  inv_mpu_dmp_motion_driver.o
    0x08004ba0   0x08004ba0   0x000000b4   Code   RO         1137    i.get_accel_prod_shift  inv_mpu.o
    0x08004c54   0x08004c54   0x00000470   Code   RO         1138    i.get_st_biases     inv_mpu.o
    0x080050c4   0x080050c4   0x00000110   Code   RO         1139    i.gyro_self_test    inv_mpu.o
    0x080051d4   0x080051d4   0x00000028   Code   RO         1140    i.inv_orientation_matrix_to_scalar  inv_mpu.o
    0x080051fc   0x080051fc   0x0000004e   Code   RO         1141    i.inv_row_2_scale   inv_mpu.o
    0x0800524a   0x0800524a   0x00000096   Code   RO            1    i.main              main.o
    0x080052e0   0x080052e0   0x00000002   Code   RO         1142    i.mget_ms           inv_mpu.o
    0x080052e2   0x080052e2   0x00000002   PAD
    0x080052e4   0x080052e4   0x00000070   Code   RO         1143    i.mpu_configure_fifo  inv_mpu.o
    0x08005354   0x08005354   0x00000224   Code   RO         1144    i.mpu_dmp_get_data  inv_mpu.o
    0x08005578   0x08005578   0x0000009c   Code   RO         1145    i.mpu_dmp_init      inv_mpu.o
    0x08005614   0x08005614   0x0000004c   Code   RO         1146    i.mpu_get_accel_fsr  inv_mpu.o
    0x08005660   0x08005660   0x00000054   Code   RO         1148    i.mpu_get_accel_sens  inv_mpu.o
    0x080056b4   0x080056b4   0x00000010   Code   RO         1153    i.mpu_get_fifo_config  inv_mpu.o
    0x080056c4   0x080056c4   0x00000044   Code   RO         1154    i.mpu_get_gyro_fsr  inv_mpu.o
    0x08005708   0x08005708   0x00000050   Code   RO         1156    i.mpu_get_gyro_sens  inv_mpu.o
    0x08005758   0x08005758   0x00000050   Code   RO         1158    i.mpu_get_lpf       inv_mpu.o
    0x080057a8   0x080057a8   0x00000020   Code   RO         1160    i.mpu_get_sample_rate  inv_mpu.o
    0x080057c8   0x080057c8   0x00000190   Code   RO         1162    i.mpu_init          inv_mpu.o
    0x08005958   0x08005958   0x000000b8   Code   RO         1163    i.mpu_load_firmware  inv_mpu.o
    0x08005a10   0x08005a10   0x000000e0   Code   RO         1164    i.mpu_lp_accel_mode  inv_mpu.o
    0x08005af0   0x08005af0   0x000000c0   Code   RO         1167    i.mpu_read_fifo_stream  inv_mpu.o
    0x08005bb0   0x08005bb0   0x00000080   Code   RO         1168    i.mpu_read_mem      inv_mpu.o
    0x08005c30   0x08005c30   0x000001c8   Code   RO         1171    i.mpu_reset_fifo    inv_mpu.o
    0x08005df8   0x08005df8   0x0000011c   Code   RO         1172    i.mpu_run_self_test  inv_mpu.o
    0x08005f14   0x08005f14   0x00000084   Code   RO         1174    i.mpu_set_accel_fsr  inv_mpu.o
    0x08005f98   0x08005f98   0x0000014c   Code   RO         1175    i.mpu_set_bypass    inv_mpu.o
    0x080060e4   0x080060e4   0x00000090   Code   RO         1177    i.mpu_set_dmp_state  inv_mpu.o
    0x08006174   0x08006174   0x00000088   Code   RO         1178    i.mpu_set_gyro_fsr  inv_mpu.o
    0x080061fc   0x080061fc   0x0000006c   Code   RO         1179    i.mpu_set_int_latched  inv_mpu.o
    0x08006268   0x08006268   0x00000084   Code   RO         1181    i.mpu_set_lpf       inv_mpu.o
    0x080062ec   0x080062ec   0x0000009c   Code   RO         1182    i.mpu_set_sample_rate  inv_mpu.o
    0x08006388   0x08006388   0x000000d0   Code   RO         1183    i.mpu_set_sensors   inv_mpu.o
    0x08006458   0x08006458   0x00000080   Code   RO         1184    i.mpu_write_mem     inv_mpu.o
    0x080064d8   0x080064d8   0x00000114   Code   RO          691    i.nrf_parse_packet  parse_packet.o
    0x080065ec   0x080065ec   0x00000094   Code   RO         1185    i.run_self_test     inv_mpu.o
    0x08006680   0x08006680   0x00000090   Code   RO         1186    i.set_int_enable    inv_mpu.o
    0x08006710   0x08006710   0x0000004c   Code   RO         4824    i.sqrt              m_ws.l(sqrt.o)
    0x0800675c   0x0800675c   0x00000044   Code   RO          901    i.time_check        timer.o
    0x080067a0   0x080067a0   0x000000a4   Code   RO          805    i.wait_pairing      pair_freq.o
    0x08006844   0x08006844   0x00000062   Code   RO         4691    x$fpl$d2f           fz_ws.l(d2f.o)
    0x080068a6   0x080068a6   0x00000002   PAD
    0x080068a8   0x080068a8   0x00000150   Code   RO         4693    x$fpl$dadd          fz_ws.l(daddsub_clz.o)
    0x080069f8   0x080069f8   0x00000010   Code   RO         4871    x$fpl$dcheck1       fz_ws.l(dcheck1.o)
    0x08006a08   0x08006a08   0x000002b0   Code   RO         4700    x$fpl$ddiv          fz_ws.l(ddiv.o)
    0x08006cb8   0x08006cb8   0x0000002e   Code   RO         4704    x$fpl$dflt          fz_ws.l(dflt_clz.o)
    0x08006ce6   0x08006ce6   0x00000002   PAD
    0x08006ce8   0x08006ce8   0x00000154   Code   RO         4709    x$fpl$dmul          fz_ws.l(dmul.o)
    0x08006e3c   0x08006e3c   0x0000009c   Code   RO         4781    x$fpl$dnaninf       fz_ws.l(dnaninf.o)
    0x08006ed8   0x08006ed8   0x0000000c   Code   RO         4783    x$fpl$dretinf       fz_ws.l(dretinf.o)
    0x08006ee4   0x08006ee4   0x00000016   Code   RO         4694    x$fpl$drsb          fz_ws.l(daddsub_clz.o)
    0x08006efa   0x08006efa   0x00000002   PAD
    0x08006efc   0x08006efc   0x000001cc   Code   RO         4875    x$fpl$dsqrt         fz_ws.l(dsqrt_noumaal.o)
    0x080070c8   0x080070c8   0x000001d4   Code   RO         4695    x$fpl$dsub          fz_ws.l(daddsub_clz.o)
    0x0800729c   0x0800729c   0x00000056   Code   RO         4711    x$fpl$f2d           fz_ws.l(f2d.o)
    0x080072f2   0x080072f2   0x00000002   PAD
    0x080072f4   0x080072f4   0x000000c4   Code   RO         4713    x$fpl$fadd          fz_ws.l(faddsub_clz.o)
    0x080073b8   0x080073b8   0x00000018   Code   RO         4785    x$fpl$fcmpinf       fz_ws.l(fcmpi.o)
    0x080073d0   0x080073d0   0x00000184   Code   RO         4720    x$fpl$fdiv          fz_ws.l(fdiv.o)
    0x08007554   0x08007554   0x00000068   Code   RO         4723    x$fpl$feqf          fz_ws.l(feqf.o)
    0x080075bc   0x080075bc   0x00000036   Code   RO         4725    x$fpl$ffix          fz_ws.l(ffix.o)
    0x080075f2   0x080075f2   0x00000002   PAD
    0x080075f4   0x080075f4   0x0000003e   Code   RO         4729    x$fpl$ffixu         fz_ws.l(ffixu.o)
    0x08007632   0x08007632   0x00000002   PAD
    0x08007634   0x08007634   0x00000030   Code   RO         4734    x$fpl$fflt          fz_ws.l(fflt_clz.o)
    0x08007664   0x08007664   0x00000026   Code   RO         4733    x$fpl$ffltu         fz_ws.l(fflt_clz.o)
    0x0800768a   0x0800768a   0x00000002   PAD
    0x0800768c   0x0800768c   0x00000068   Code   RO         4739    x$fpl$fleqf         fz_ws.l(fleqf.o)
    0x080076f4   0x080076f4   0x00000102   Code   RO         4741    x$fpl$fmul          fz_ws.l(fmul.o)
    0x080077f6   0x080077f6   0x0000008c   Code   RO         4787    x$fpl$fnaninf       fz_ws.l(fnaninf.o)
    0x08007882   0x08007882   0x0000000a   Code   RO         4789    x$fpl$fretinf       fz_ws.l(fretinf.o)
    0x0800788c   0x0800788c   0x00000062   Code   RO         4743    x$fpl$frleqf        fz_ws.l(frleqf.o)
    0x080078ee   0x080078ee   0x00000002   PAD
    0x080078f0   0x080078f0   0x000000ea   Code   RO         4715    x$fpl$fsub          fz_ws.l(faddsub_clz.o)
    0x080079da   0x080079da   0x00000064   Code   RO         5039    x$fpl$retnan        fz_ws.l(retnan.o)
    0x08007a3e   0x08007a3e   0x0000005c   Code   RO         4791    x$fpl$scalbn        fz_ws.l(scalbn.o)
    0x08007a9a   0x08007a9a   0x00000030   Code   RO         5101    x$fpl$trapveneer    fz_ws.l(trapv.o)
    0x08007aca   0x08007aca   0x00000000   Code   RO         4793    x$fpl$usenofp       fz_ws.l(usenofp.o)
    0x08007aca   0x08007aca   0x00000002   PAD
    0x08007acc   0x08007acc   0x0000012c   Data   RO          869    .constdata          pid.o
    0x08007bf8   0x08007bf8   0x00000050   Data   RO         1188    .constdata          inv_mpu.o
    0x08007c48   0x08007c48   0x00000bf6   Data   RO         1498    .constdata          inv_mpu_dmp_motion_driver.o
    0x0800883e   0x0800883e   0x00000002   PAD
    0x08008840   0x08008840   0x00000050   Data   RO         4747    .constdata          m_ws.l(asin.o)
    0x08008890   0x08008890   0x00000098   Data   RO         4796    .constdata          m_ws.l(atan.o)
    0x08008928   0x08008928   0x00000008   Data   RO         4822    .constdata          m_ws.l(qnan.o)
    0x08008930   0x08008930   0x00000020   Data   RO         5184    Region$$Table       anon$$obj.o


    Execution Region RW_IRAM1 (Exec base: 0x20000000, Load base: 0x08008950, Size: 0x00000a80, Max: 0x00005000, ABSOLUTE)

    Exec Addr    Load Addr    Size         Type   Attr      Idx    E Section Name        Object

    0x20000000   0x08008950   0x00000014   Data   RW          234    .data               system_stm32f10x.o
    0x20000014   0x08008964   0x00000004   Data   RW          275    .data               systick.o
    0x20000018   0x08008968   0x00000004   Data   RW          316    .data               led.o
    0x2000001c   0x0800896c   0x00000004   Data   RW          387    .data               pwm.o
    0x20000020   0x08008970   0x00000003   Data   RW          633    .data               flash.o
    0x20000023   0x08008973   0x00000006   Data   RW          806    .data               pair_freq.o
    0x20000029   0x08008979   0x00000003   PAD
    0x2000002c   0x0800897c   0x0000000c   Data   RW          829    .data               adc.o
    0x20000038   0x08008988   0x00000004   Data   RW          870    .data               pid.o
    0x2000003c   0x0800898c   0x00000004   Data   RW          903    .data               timer.o
    0x20000040   0x08008990   0x00000016   Data   RW          949    .data               controller.o
    0x20000056   0x080089a6   0x00000003   Data   RW         1076    .data               usart2.o
    0x20000059   0x080089a9   0x00000003   PAD
    0x2000005c   0x080089ac   0x00000035   Data   RW         1189    .data               inv_mpu.o
    0x20000091   0x080089e1   0x00000014   Data   RW         3254    .data               stm32f10x_rcc.o
    0x200000a5   0x080089f5   0x00000003   PAD
    0x200000a8        -       0x00000024   Zero   RW          528    .bss                mpu6050.o
    0x200000cc        -       0x0000003c   Zero   RW          692    .bss                parse_packet.o
    0x20000108        -       0x00000294   Zero   RW          868    .bss                pid.o
    0x2000039c        -       0x00000020   Zero   RW          902    .bss                timer.o
    0x200003bc        -       0x0000001c   Zero   RW         1017    .bss                imu.o
    0x200003d8        -       0x00000032   Zero   RW         1075    .bss                usart2.o
    0x2000040a   0x080089f5   0x00000002   PAD
    0x2000040c        -       0x00000010   Zero   RW         1497    .bss                inv_mpu_dmp_motion_driver.o
    0x2000041c        -       0x00000060   Zero   RW         4883    .bss                c_w.l(libspace.o)
    0x2000047c   0x080089f5   0x00000004   PAD
    0x20000480        -       0x00000200   Zero   RW          265    HEAP                startup_stm32f10x_md.o
    0x20000680        -       0x00000400   Zero   RW          264    STACK               startup_stm32f10x_md.o


==============================================================================

Image component sizes


      Code (inc. data)   RO Data    RW Data    ZI Data      Debug   Object Name

       444         50          0         12          0       3094   adc.o
       864         98          0         22          0       3995   controller.o
         0          0          0          0          0         32   core_cm3.o
       224         14          0          0          0        562   fc_status.o
       630          6          0          3          0       3069   flash.o
       602         82          0          0          0       5181   iic.o
        48          0          0          0          0       1168   imath.o
       112         12          0          0         28       1894   imu.o
      6764        214         80         53          0      29376   inv_mpu.o
      3096        122       3062          0         16      19710   inv_mpu_dmp_motion_driver.o
       886         44          0          4          0       6752   led.o
       150          0          0          0          0     287907   main.o
       132         22          0          0          0       1407   misc.o
       684          0          0          0         36       8893   mpu6050.o
       544         44          0          0          0       4996   nrf24l01.o
        68          0          0          0          0        490   nvic.o
       164         16          0          6          0       1102   pair_freq.o
       360         28          0          0         60       2509   parse_packet.o
       438         26        300          4        660       2597   pid.o
       316         26          0          4          0       1536   pwm.o
       224         18          0          0          0       1096   spi.o
        64         26        236          0       1536        796   startup_stm32f10x_md.o
       370         10          0          0          0       6457   stm32f10x_adc.o
       420          8          0          0          0       3783   stm32f10x_dma.o
       330         38          0          0          0       5086   stm32f10x_flash.o
       286          0          0          0          0       2876   stm32f10x_gpio.o
        24          0          0          0          0       3404   stm32f10x_it.o
       332         44          0         20          0       5293   stm32f10x_rcc.o
       112          0          0          0          0       3602   stm32f10x_spi.o
       954         92          0          0          0       8620   stm32f10x_tim.o
       470          6          0          0          0       6437   stm32f10x_usart.o
       328         28          0         20          0       2145   system_stm32f10x.o
       200         26          0          4          0       1958   systick.o
       300         46          0          4         32       2340   timer.o
      2636        108          0          3         50       7701   usart2.o

    ----------------------------------------------------------------------
     23612       1254       3712        168       2420     447864   Object Totals
         0          0         32          0          0          0   (incl. Generated)
        36          0          2          9          2          0   (incl. Padding)

    ----------------------------------------------------------------------

      Code (inc. data)   RO Data    RW Data    ZI Data      Debug   Library Member Name

         8          0          0          0          0         68   __main.o
         0          0          0          0          0          0   __rtentry.o
        12          0          0          0          0          0   __rtentry2.o
         6          0          0          0          0          0   __rtentry4.o
        52          8          0          0          0          0   __scatter.o
        26          0          0          0          0          0   __scatter_copy.o
        28          0          0          0          0          0   __scatter_zi.o
        22          0          0          0          0        100   _rserrno.o
        16          0          0          0          0         68   aeabi_memset.o
        18          0          0          0          0         80   exit.o
         6          0          0          0          0        152   heapauxi.o
         0          0          0          0          0          0   indicate_semi.o
         2          0          0          0          0          0   libinit.o
         2          0          0          0          0          0   libinit2.o
         2          0          0          0          0          0   libshutdown.o
         2          0          0          0          0          0   libshutdown2.o
         8          4          0          0         96         68   libspace.o
        72          0          0          0          0         76   llsdiv.o
       238          0          0          0          0        100   lludivv7m.o
        88          0          0          0          0         76   memcmp.o
         8          4          0          0          0         68   rt_errno_addr_intlibspace.o
        68          0          0          0          0         68   rt_memclr.o
        78          0          0          0          0         80   rt_memclr_w.o
       100          0          0          0          0         80   rt_memcpy_w.o
         2          0          0          0          0          0   rtexit.o
        10          0          0          0          0          0   rtexit2.o
        12          4          0          0          0         68   sys_exit.o
        74          0          0          0          0         80   sys_stackheap_outer.o
         2          0          0          0          0         68   use_no_semi.o
        98          4          0          0          0         92   d2f.o
       826         16          0          0          0        348   daddsub_clz.o
        16          4          0          0          0         68   dcheck1.o
       688        140          0          0          0        208   ddiv.o
        46          0          0          0          0         68   dflt_clz.o
       340         12          0          0          0        104   dmul.o
       156          4          0          0          0         92   dnaninf.o
        12          0          0          0          0         68   dretinf.o
       460         56          0          0          0        120   dsqrt_noumaal.o
        86          4          0          0          0         84   f2d.o
       430          8          0          0          0        168   faddsub_clz.o
        24          0          0          0          0         68   fcmpi.o
       388         76          0          0          0         96   fdiv.o
       104          4          0          0          0         84   feqf.o
        54          4          0          0          0         84   ffix.o
        62          4          0          0          0         84   ffixu.o
        86          0          0          0          0        136   fflt_clz.o
       104          4          0          0          0         84   fleqf.o
       258          4          0          0          0         84   fmul.o
       140          4          0          0          0         84   fnaninf.o
        10          0          0          0          0         68   fretinf.o
        98          0          0          0          0         68   frleqf.o
       100          0          0          0          0         68   retnan.o
        92          0          0          0          0         68   scalbn.o
        48          0          0          0          0         68   trapv.o
         0          0          0          0          0          0   usenofp.o
       624         52         80          0          0        168   asin.o
       544         70        152          0          0        124   atan.o
       384         38          0          0          0        144   atan2.o
        38          6          0          0          0        272   dunder.o
        40          0          0          0          0         68   fpclassify.o
       170          0          0          0          0         96   poly.o
         0          0          8          0          0          0   qnan.o
        76          0          0          0          0         84   sqrt.o

    ----------------------------------------------------------------------
      7588        534        240          0        100       4820   Library Totals
        24          0          0          0          4          0   (incl. Padding)

    ----------------------------------------------------------------------

      Code (inc. data)   RO Data    RW Data    ZI Data      Debug   Library Name

       962         20          0          0         96       1300   c_w.l
      4726        348          0          0          0       2564   fz_ws.l
      1876        166        240          0          0        956   m_ws.l

    ----------------------------------------------------------------------
      7588        534        240          0        100       4820   Library Totals

    ----------------------------------------------------------------------

==============================================================================


      Code (inc. data)   RO Data    RW Data    ZI Data      Debug   

     31200       1788       3952        168       2520     439264   Grand Totals
     31200       1788       3952        168       2520     439264   ELF Image Totals
     31200       1788       3952        168          0          0   ROM Totals

==============================================================================

    Total RO  Size (Code + RO Data)                35152 (  34.33kB)
    Total RW  Size (RW Data + ZI Data)              2688 (   2.63kB)
    Total ROM Size (Code + RO Data + RW Data)      35320 (  34.49kB)

==============================================================================

